******************************************************************************
            TI ARM Clang Linker PC v4.0.3                      
******************************************************************************
>> Linked Thu Aug  7 19:52:50 2025

OUTPUT FILE NAME:   <lcd_m0.out>
ENTRY POINT SYMBOL: "_c_int00_noargs"  address: 000035f5


MEMORY CONFIGURATION

         name            origin    length      used     unused   attr    fill
----------------------  --------  ---------  --------  --------  ----  --------
  FLASH                 00000000   00020000  00007360  00018ca0  R  X
  SRAM                  20200000   00008000  0000063b  000079c5  RW X
  BCR_CONFIG            41c00000   000000ff  00000000  000000ff  R   
  BSL_CONFIG            41c00100   00000080  00000000  00000080  R   


SEGMENT ALLOCATION MAP

run origin  load origin   length   init length attrs members
----------  ----------- ---------- ----------- ----- -------
00000000    00000000    00007360   00007360    r-x
  00000000    00000000    000000c0   000000c0    r-- .intvecs
  000000c0    000000c0    00003db0   00003db0    r-x .text
  00003e70    00003e70    000034b0   000034b0    r-- .rodata
  00007320    00007320    00000040   00000040    r-- .cinit
20200000    20200000    0000043e   00000000    rw-
  20200000    20200000    000003f5   00000000    rw- .bss
  202003f8    202003f8    00000046   00000000    rw- .data
20207e00    20207e00    00000200   00000000    rw-
  20207e00    20207e00    00000200   00000000    rw- .stack


SECTION ALLOCATION MAP

 output                                  attributes/
section   page    origin      length       input sections
--------  ----  ----------  ----------   ----------------
.intvecs   0    00000000    000000c0     
                  00000000    000000c0     startup_mspm0g350x_ticlang.o (.intvecs)

.text      0    000000c0    00003db0     
                  000000c0    00000364     LCD.o (.text.Lcd_Proc)
                  00000424    00000228     ti_msp_dl_config.o (.text.SYSCFG_DL_GPIO_init)
                  0000064c    00000210     pid.o (.text.pwm_calculate)
                  0000085c    000001dc     hw_lcd.o (.text.LCD_ShowChar)
                  00000a38    000001d0     hw_lcd.o (.text.lcd_init)
                  00000c08    000001cc     empty.o (.text.main)
                  00000dd4    00000192     libclang_rt.builtins.a : adddf3.S.obj (.text.adddf3_subdf3)
                  00000f66    00000002                            : aeabi_div0.c.obj (.text.__aeabi_idiv0)
                  00000f68    00000188     senser.o (.text.No_MCU_Ganv_Sensor_Init)
                  000010f0    0000015e     hw_lcd.o (.text.LCD_ShowSignedIntNum)
                  0000124e    00000002     --HOLE-- [fill = 0]
                  00001250    0000015c     empty.o (.text.end_proc)
                  000013ac    0000014c     pid.o (.text.Follow_Line)
                  000014f8    0000013c     key.o (.text.Key_Read)
                  00001634    0000010c     libclang_rt.builtins.a : divdf3.S.obj (.text.__divdf3)
                  00001740    00000104     driverlib.a : dl_timer.o (.text.DL_Timer_initFourCCPWMMode)
                  00001844    000000fc     encoder.o (.text.TIMG0_IRQHandler)
                  00001940    000000f8     encoder.o (.text.GROUP1_IRQHandler)
                  00001a38    000000f8     bsp_tb6612.o (.text.pwm_ctrol)
                  00001b30    000000e8     driverlib.a : dl_timer.o (.text.DL_Timer_initTimerMode)
                  00001c18    000000e4     libclang_rt.builtins.a : muldf3.S.obj (.text.__muldf3)
                  00001cfc    000000dc     driverlib.a : dl_sysctl_mspm0g1x0x_g3x0x.o (.text.DL_SYSCTL_configSYSPLL)
                  00001dd8    000000d8     libclang_rt.builtins.a : addsf3.S.obj (.text)
                  00001eb0    000000d2     pid.o (.text.Inc_PID_Calculate)
                  00001f82    00000002     --HOLE-- [fill = 0]
                  00001f84    000000d0     senser.o (.text.Get_Analog_value)
                  00002054    000000c4     ti_msp_dl_config.o (.text.SYSCFG_DL_initPower)
                  00002118    000000aa     senser.o (.text.normalizeAnalogValues)
                  000021c2    00000002     --HOLE-- [fill = 0]
                  000021c4    00000090     ti_msp_dl_config.o (.text.SYSCFG_DL_BJDJ_init)
                  00002254    00000090     ti_msp_dl_config.o (.text.SYSCFG_DL_PWM_0_init)
                  000022e4    0000008c     libclang_rt.builtins.a : mulsf3.S.obj (.text.__mulsf3)
                  00002370    00000088     key.o (.text.scanRow)
                  000023f8    00000084     ti_msp_dl_config.o (.text.__NVIC_SetPriority)
                  0000247c    00000084     key.o (.text.readColumns)
                  00002500    0000007c     libc.a : copy_decompress_lzss.c.obj (.text:decompress:lzss)
                  0000257c    00000074     libclang_rt.builtins.a : comparedf2.c.obj (.text.__gedf2)
                  000025f0    00000074                            : truncdfsf2.S.obj (.text.__truncdfsf2)
                  00002664    00000072     senser.o (.text.No_MCU_Ganv_Sensor_Init_Frist)
                  000026d6    00000002     --HOLE-- [fill = 0]
                  000026d8    0000006c     ti_msp_dl_config.o (.text.SYSCFG_DL_PWM_1_init)
                  00002744    0000006c     senser.o (.text.convertAnalogToDigital)
                  000027b0    00000068     libclang_rt.builtins.a : comparedf2.c.obj (.text.__ledf2)
                  00002818    00000064     driverlib.a : dl_sysctl_mspm0g1x0x_g3x0x.o (.text.DL_SYSCTL_setHFCLKSourceHFXTParams)
                  0000287c    00000062     libclang_rt.builtins.a : aeabi_dcmp.S.obj (.text.__aeabi_dcmp)
                  000028de    00000002     --HOLE-- [fill = 0]
                  000028e0    00000062                            : aeabi_fcmp.S.obj (.text.__aeabi_fcmp)
                  00002942    00000002     --HOLE-- [fill = 0]
                  00002944    00000060     ti_msp_dl_config.o (.text.SYSCFG_DL_init)
                  000029a4    0000005e     pid.o (.text.PID_Compute)
                  00002a02    0000005c     hw_lcd.o (.text.LCD_Fill)
                  00002a5e    00000002     --HOLE-- [fill = 0]
                  00002a60    00000056     libclang_rt.builtins.a : aeabi_idivmod.S.obj (.text.__aeabi_idivmod)
                  00002ab6    00000002     --HOLE-- [fill = 0]
                  00002ab8    00000054     track_key.o (.text.Read_Tracking_Sensors1)
                  00002b0c    00000054     ti_msp_dl_config.o (.text.SYSCFG_DL_SYSCTL_init)
                  00002b60    0000004c     ti_msp_dl_config.o (.text.DL_UART_setBaudRateDivisor)
                  00002bac    0000004c     pid.o (.text.PID_Init)
                  00002bf8    0000004c     ti_msp_dl_config.o (.text.SYSCFG_DL_ADC1_init)
                  00002c44    0000004c     empty.o (.text.grey_proc)
                  00002c90    0000004a     ti_msp_dl_config.o (.text.DL_ADC12_configConversionMem)
                  00002cda    00000002     --HOLE-- [fill = 0]
                  00002cdc    0000004a     libclang_rt.builtins.a : fixdfsi.S.obj (.text.__fixdfsi)
                  00002d26    00000002     --HOLE-- [fill = 0]
                  00002d28    00000048     driverlib.a : dl_uart.o (.text.DL_UART_init)
                  00002d70    00000048     encoder.o (.text.Motor_Init)
                  00002db8    00000048     senser.o (.text.adc_getValue)
                  00002e00    00000044     driverlib.a : dl_spi.o (.text.DL_SPI_init)
                  00002e44    00000044                 : dl_sysctl_mspm0g1x0x_g3x0x.o (.text.DL_SYSCTL_switchMCLKfromSYSOSCtoHSCLK)
                  00002e88    00000042     senser.o (.text.No_Mcu_Ganv_Sensor_Task_Without_tick)
                  00002eca    00000002     --HOLE-- [fill = 0]
                  00002ecc    00000040     driverlib.a : dl_adc12.o (.text.DL_ADC12_setClockConfig)
                  00002f0c    00000040     ti_msp_dl_config.o (.text.SYSCFG_DL_SPI_LCD_init)
                  00002f4c    00000040     ti_msp_dl_config.o (.text.SYSCFG_DL_TIMER_0_init)
                  00002f8c    00000040     ti_msp_dl_config.o (.text.SYSCFG_DL_UART_0_init)
                  00002fcc    00000040     libclang_rt.builtins.a : aeabi_uidivmod.S.obj (.text.__aeabi_uidivmod)
                  0000300c    00000040                            : extendsfdf2.S.obj (.text.__extendsfdf2)
                  0000304c    00000040     encoder.o (.text.getAverage)
                  0000308c    0000003e     hw_lcd.o (.text.LCD_Address_Set)
                  000030ca    00000002     --HOLE-- [fill = 0]
                  000030cc    0000003c     ti_msp_dl_config.o (.text.DL_Timer_setCounterControl)
                  00003108    0000003c     senser.o (.text.Get_Anolog_Value)
                  00003144    0000003c     ti_msp_dl_config.o (.text.SYSCFG_DL_TIMER_1_init)
                  00003180    0000003c     libclang_rt.builtins.a : floatsisf.S.obj (.text.__floatsisf)
                  000031bc    0000003c                            : comparesf2.S.obj (.text.__gtsf2)
                  000031f8    0000003c     libc.a : autoinit.c.obj (.text:__TI_auto_init_nobinit_nopinit)
                  00003234    0000003a     libclang_rt.builtins.a : comparesf2.S.obj (.text.__eqsf2)
                  0000326e    00000002     --HOLE-- [fill = 0]
                  00003270    0000003a                            : muldsi3.S.obj (.text.__muldsi3)
                  000032aa    00000038     senser.o (.text.Get_Normalize_For_User)
                  000032e2    00000002     --HOLE-- [fill = 0]
                  000032e4    00000038     libclang_rt.builtins.a : fixsfsi.S.obj (.text.__fixsfsi)
                  0000331c    00000034     ti_msp_dl_config.o (.text.DL_GPIO_initDigitalInputFeatures)
                  00003350    00000030     senser.o (.text.DL_ADC12_getMemResult)
                  00003380    00000030     ti_msp_dl_config.o (.text.DL_GPIO_initDigitalOutputFeatures)
                  000033b0    00000030     ti_msp_dl_config.o (.text.DL_SPI_setFIFOThreshold)
                  000033e0    00000030     hw_lcd.o (.text.LCD_WR_REG)
                  00003410    00000030     hw_lcd.o (.text.LCD_Writ_Bus)
                  00003440    00000030     encoder.o (.text.Motor_Get_Encoder)
                  00003470    00000030     hw_lcd.o (.text.mypow)
                  000034a0    00000030     hw_spi.o (.text.spi_write_bus)
                  000034d0    0000002c     encoder.o (.text.__NVIC_ClearPendingIRQ)
                  000034fc    0000002c     encoder.o (.text.__NVIC_EnableIRQ)
                  00003528    0000002c     libclang_rt.builtins.a : floatsidf.S.obj (.text.__floatsidf)
                  00003554    00000028     ti_msp_dl_config.o (.text.DL_Common_updateReg)
                  0000357c    00000028     ti_msp_dl_config.o (.text.DL_SYSTICK_init)
                  000035a4    00000028     libclang_rt.builtins.a : floatunsisf.S.obj (.text.__floatunsisf)
                  000035cc    00000028     libc.a : memmov.c.obj (.text.memmove)
                  000035f4    00000028            : boot_cortex_m.c.obj (.text:_c_int00_noargs)
                  0000361c    00000024     ti_msp_dl_config.o (.text.DL_SPI_setBitRateSerialClockDivider)
                  00003640    00000024     pid.o (.text.TIMA0_IRQHandler)
                  00003664    00000024     libclang_rt.builtins.a : floatunsidf.S.obj (.text.__floatunsidf)
                  00003688    00000020     ti_msp_dl_config.o (.text.DL_GPIO_initPeripheralInputFunction)
                  000036a8    00000020     ti_msp_dl_config.o (.text.DL_SYSCTL_setFlashWaitState)
                  000036c8    00000020     hw_lcd.o (.text.LCD_DrawPoint)
                  000036e8    00000020     encoder.o (.text.removeFirst)
                  00003708    0000001e     ti_msp_dl_config.o (.text.DL_ADC12_setPowerDownMode)
                  00003726    0000001e     ti_msp_dl_config.o (.text.DL_UART_setOversampling)
                  00003744    0000001c     senser.o (.text.DL_ADC12_startConversion)
                  00003760    0000001c     senser.o (.text.DL_ADC12_stopConversion)
                  0000377c    0000001c     encoder.o (.text.DL_GPIO_clearInterruptStatus)
                  00003798    0000001c     ti_msp_dl_config.o (.text.DL_GPIO_clearInterruptStatus)
                  000037b4    0000001c     ti_msp_dl_config.o (.text.DL_GPIO_enableInterrupt)
                  000037d0    0000001c     ti_msp_dl_config.o (.text.DL_GPIO_initPeripheralOutputFunction)
                  000037ec    0000001c     ti_msp_dl_config.o (.text.DL_SYSCTL_setSYSOSCFreq)
                  00003808    0000001c     ti_msp_dl_config.o (.text.DL_SYSCTL_setULPCLKDivider)
                  00003824    0000001c     ti_msp_dl_config.o (.text.DL_Timer_enableInterrupt)
                  00003840    0000001c     driverlib.a : dl_timer.o (.text.DL_Timer_setCaptCompUpdateMethod)
                  0000385c    0000001c                 : dl_timer.o (.text.DL_Timer_setClockConfig)
                  00003878    0000001c     hw_lcd.o (.text.LCD_WR_DATA)
                  00003894    0000001c     ti_msp_dl_config.o (.text.SYSCFG_DL_SYSCTL_CLK_init)
                  000038b0    0000001a     encoder.o (.text.initArray)
                  000038ca    00000002     --HOLE-- [fill = 0]
                  000038cc    00000018     ti_msp_dl_config.o (.text.DL_ADC12_enablePower)
                  000038e4    00000018     ti_msp_dl_config.o (.text.DL_ADC12_reset)
                  000038fc    00000018     ti_msp_dl_config.o (.text.DL_ADC12_setSampleTime0)
                  00003914    00000018     ti_msp_dl_config.o (.text.DL_GPIO_enableOutput)
                  0000392c    00000018     ti_msp_dl_config.o (.text.DL_GPIO_enablePower)
                  00003944    00000018     encoder.o (.text.DL_GPIO_getEnabledInterruptStatus)
                  0000395c    00000018     ti_msp_dl_config.o (.text.DL_GPIO_initDigitalOutput)
                  00003974    00000018     ti_msp_dl_config.o (.text.DL_GPIO_initPeripheralAnalogFunction)
                  0000398c    00000018     ti_msp_dl_config.o (.text.DL_GPIO_reset)
                  000039a4    00000018     LCD.o (.text.DL_GPIO_setPins)
                  000039bc    00000018     bsp_tb6612.o (.text.DL_GPIO_setPins)
                  000039d4    00000018     empty.o (.text.DL_GPIO_setPins)
                  000039ec    00000018     hw_lcd.o (.text.DL_GPIO_setPins)
                  00003a04    00000018     key.o (.text.DL_GPIO_setPins)
                  00003a1c    00000018     pid.o (.text.DL_GPIO_setPins)
                  00003a34    00000018     senser.o (.text.DL_GPIO_setPins)
                  00003a4c    00000018     ti_msp_dl_config.o (.text.DL_GPIO_setPins)
                  00003a64    00000018     ti_msp_dl_config.o (.text.DL_GPIO_setUpperPinsPolarity)
                  00003a7c    00000018     ti_msp_dl_config.o (.text.DL_SPI_enable)
                  00003a94    00000018     ti_msp_dl_config.o (.text.DL_SPI_enablePower)
                  00003aac    00000018     hw_spi.o (.text.DL_SPI_isBusy)
                  00003ac4    00000018     ti_msp_dl_config.o (.text.DL_SPI_reset)
                  00003adc    00000018     ti_msp_dl_config.o (.text.DL_SYSCTL_setBORThreshold)
                  00003af4    00000018     ti_msp_dl_config.o (.text.DL_Timer_enablePower)
                  00003b0c    00000018     ti_msp_dl_config.o (.text.DL_Timer_reset)
                  00003b24    00000018     driverlib.a : dl_timer.o (.text.DL_Timer_setCaptureCompareOutCtl)
                  00003b3c    00000018     ti_msp_dl_config.o (.text.DL_UART_enablePower)
                  00003b54    00000018     ti_msp_dl_config.o (.text.DL_UART_reset)
                  00003b6c    00000018     encoder.o (.text.append)
                  00003b84    00000018     board.o (.text.delay_ms)
                  00003b9c    00000016     senser.o (.text.DL_ADC12_disableConversions)
                  00003bb2    00000016     senser.o (.text.DL_ADC12_enableConversions)
                  00003bc8    00000016     ti_msp_dl_config.o (.text.DL_ADC12_enableConversions)
                  00003bde    00000016     encoder.o (.text.DL_GPIO_readPins)
                  00003bf4    00000016     key.o (.text.DL_GPIO_readPins)
                  00003c0a    00000016     hw_spi.o (.text.DL_SPI_transmitData8)
                  00003c20    00000016     ti_msp_dl_config.o (.text.DL_UART_enable)
                  00003c36    00000014     bsp_tb6612.o (.text.DL_GPIO_clearPins)
                  00003c4a    00000014     empty.o (.text.DL_GPIO_clearPins)
                  00003c5e    00000014     hw_lcd.o (.text.DL_GPIO_clearPins)
                  00003c72    00000014     key.o (.text.DL_GPIO_clearPins)
                  00003c86    00000014     pid.o (.text.DL_GPIO_clearPins)
                  00003c9a    00000014     senser.o (.text.DL_GPIO_clearPins)
                  00003cae    00000014     ti_msp_dl_config.o (.text.DL_GPIO_clearPins)
                  00003cc2    00000002     --HOLE-- [fill = 0]
                  00003cc4    00000014     ti_msp_dl_config.o (.text.DL_SYSCTL_disableSYSPLL)
                  00003cd8    00000014     ti_msp_dl_config.o (.text.DL_Timer_enableClock)
                  00003cec    00000014     ti_msp_dl_config.o (.text.DL_Timer_setCCPDirection)
                  00003d00    00000014     hw_lcd.o (.text.LCD_WR_DATA8)
                  00003d14    00000014     ti_msp_dl_config.o (.text.SYSCFG_DL_SYSTICK_init)
                  00003d28    00000014     pid.o (.text.pwm_break)
                  00003d3c    00000012     driverlib.a : dl_spi.o (.text.DL_SPI_setClockConfig)
                  00003d4e    00000012     encoder.o (.text.DL_Timer_getPendingInterrupt)
                  00003d60    00000012     pid.o (.text.DL_Timer_getPendingInterrupt)
                  00003d72    00000012     driverlib.a : dl_uart.o (.text.DL_UART_setClockConfig)
                  00003d84    00000012     libc.a : memcpy16.S.obj (.text:TI_memcpy_small)
                  00003d96    00000012            : copy_decompress_none.c.obj (.text:decompress:none)
                  00003da8    00000010     senser.o (.text.DL_ADC12_getStatus)
                  00003db8    00000010     ti_msp_dl_config.o (.text.DL_SYSCTL_disableHFXT)
                  00003dc8    00000010     ti_msp_dl_config.o (.text.DL_SYSTICK_enable)
                  00003dd8    00000010     driverlib.a : dl_timer.o (.text.DL_Timer_setCaptureCompareValue)
                  00003de8    00000010     libc.a : copy_zero_init.c.obj (.text:decompress:ZI)
                  00003df8    0000000e     senser.o (.text.Get_Digtal_For_User)
                  00003e06    0000000e     libc.a : memset16.S.obj (.text:TI_memset_small)
                  00003e14    0000000c     ti_msp_dl_config.o (.text.DL_SYSCTL_getClockStatus)
                  00003e20    0000000c     libclang_rt.builtins.a : aeabi_memset.S.obj (.text.__aeabi_memclr)
                  00003e2c    0000000a     driverlib.a : dl_common.o (.text.DL_Common_delayCycles)
                  00003e36    00000002     --HOLE-- [fill = 0]
                  00003e38    00000008     libclang_rt.builtins.a : aeabi_memcpy.S.obj (.text.__aeabi_memcpy)
                  00003e40    00000008                            : aeabi_memmove.S.obj (.text.__aeabi_memmove)
                  00003e48    00000006     libc.a : exit.c.obj (.text:abort)
                  00003e4e    00000004     startup_mspm0g350x_ticlang.o (.text.Default_Handler)
                  00003e52    00000004     libsysbm.a : hostexit.c.obj (.text.HOSTexit)
                  00003e56    00000004     startup_mspm0g350x_ticlang.o (.text.Reset_Handler)
                  00003e5a    00000002     --HOLE-- [fill = 0]
                  00003e5c    00000010     libc.a : boot_cortex_m.c.obj (.tramp._c_int00_noargs.1)
                  00003e6c    00000004            : pre_init.c.obj (.text._system_pre_init)

.cinit     0    00007320    00000040     
                  00007320    00000018     (.cinit..data.load) [load image, compression = lzss]
                  00007338    0000000c     (__TI_handler_table)
                  00007344    00000008     (.cinit..bss.load) [load image, compression = zero_init]
                  0000734c    00000010     (__TI_cinit_table)
                  0000735c    00000004     --HOLE-- [fill = 0]

.rodata    0    00003e70    000034b0     
                  00003e70    000017c0     hw_lcd.o (.rodata.ascii_3216)
                  00005630    000011d0     hw_lcd.o (.rodata.ascii_2412)
                  00006800    000005f0     hw_lcd.o (.rodata.ascii_1608)
                  00006df0    00000474     hw_lcd.o (.rodata.ascii_1206)
                  00007264    00000028     ti_msp_dl_config.o (.rodata.gSYSPLLConfig)
                  0000728c    00000020     pid.o (.rodata.cst32)
                  000072ac    00000014     ti_msp_dl_config.o (.rodata.gTIMER_0TimerConfig)
                  000072c0    00000014     ti_msp_dl_config.o (.rodata.gTIMER_1TimerConfig)
                  000072d4    0000000a     ti_msp_dl_config.o (.rodata.gSPI_LCD_config)
                  000072de    0000000a     ti_msp_dl_config.o (.rodata.gUART_0Config)
                  000072e8    00000008     ti_msp_dl_config.o (.rodata.gADC1ClockConfig)
                  000072f0    00000008     ti_msp_dl_config.o (.rodata.gBJDJConfig)
                  000072f8    00000008     ti_msp_dl_config.o (.rodata.gPWM_0Config)
                  00007300    00000008     ti_msp_dl_config.o (.rodata.gPWM_1Config)
                  00007308    00000003     ti_msp_dl_config.o (.rodata.gBJDJClockConfig)
                  0000730b    00000003     ti_msp_dl_config.o (.rodata.gPWM_0ClockConfig)
                  0000730e    00000003     ti_msp_dl_config.o (.rodata.gPWM_1ClockConfig)
                  00007311    00000003     ti_msp_dl_config.o (.rodata.gTIMER_0ClockConfig)
                  00007314    00000003     ti_msp_dl_config.o (.rodata.gTIMER_1ClockConfig)
                  00007317    00000002     ti_msp_dl_config.o (.rodata.gSPI_LCD_clockConfig)
                  00007319    00000002     ti_msp_dl_config.o (.rodata.gUART_0ClockConfig)
                  0000731b    00000005     --HOLE-- [fill = 0]

.init_array 
*          0    00000000    00000000     UNINITIALIZED

.binit     0    00000000    00000000     

.bss       0    20200000    000003f5     UNINITIALIZED
                  20200000    000000bc     (.common:gPWM_0Backup)
                  202000bc    000000bc     (.common:gTIMER_1Backup)
                  20200178    000000b0     (.common:sensor)
                  20200228    000000a0     (.common:gPWM_1Backup)
                  202002c8    0000002c     (.common:motor1_pid)
                  202002f4    0000002c     (.common:motor2_pid)
                  20200320    0000002c     (.common:track_pid)
                  2020034c    00000028     (.common:gSPI_LCDBackup)
                  20200374    00000018     (.common:arr1)
                  2020038c    00000018     (.common:arr2)
                  202003a4    00000010     (.common:Normal)
                  202003b4    00000008     encoder.o (.bss.Encoder_A)
                  202003bc    00000008     encoder.o (.bss.Encoder_B)
                  202003c4    00000008     (.common:sensor_values)
                  202003cc    00000004     (.common:current_speeed1)
                  202003d0    00000004     (.common:current_speeed2)
                  202003d4    00000004     (.common:distance1)
                  202003d8    00000004     (.common:pid_output)
                  202003dc    00000004     (.common:rpm)
                  202003e0    00000004     (.common:target_speed1)
                  202003e4    00000004     (.common:target_speed2)
                  202003e8    00000001     (.common:Digtal)
                  202003e9    00000001     (.common:fx_flag)
                  202003ea    00000001     (.common:key_down)
                  202003eb    00000001     (.common:key_mode)
                  202003ec    00000001     (.common:key_old)
                  202003ed    00000001     (.common:key_up)
                  202003ee    00000001     (.common:key_val)
                  202003ef    00000001     (.common:lcd_flag)
                  202003f0    00000001     (.common:num1)
                  202003f1    00000001     (.common:position_flag)
                  202003f2    00000001     (.common:start_flag)
                  202003f3    00000001     (.common:stop_flag1)
                  202003f4    00000001     (.common:us3s_flag)

.data      0    202003f8    00000046     UNINITIALIZED
                  202003f8    00000010     empty.o (.data.Anolog)
                  20200408    00000010     empty.o (.data.black)
                  20200418    00000010     empty.o (.data.white)
                  20200428    00000004     pid.o (.data.Follow_Line.last_valid_position)
                  2020042c    00000004     pid.o (.data.prev_speed1)
                  20200430    00000004     pid.o (.data.prev_speed2)
                  20200434    00000004     empty.o (.data.pwm_value1)
                  20200438    00000004     empty.o (.data.pwm_value2)
                  2020043c    00000002     empty.o (.data.base_speed)

.stack     0    20207e00    00000200     UNINITIALIZED
                  20207e00    00000004     libc.a : boot_cortex_m.c.obj (.stack)
                  20207e04    000001fc     --HOLE--

__llvm_prf_cnts 
*          0    20200000    00000000     UNINITIALIZED

__llvm_prf_bits 
*          0    20200000    00000000     UNINITIALIZED

MODULE SUMMARY

       Module                         code    ro data   rw data
       ------                         ----    -------   -------
    .\
       ti_msp_dl_config.o             3198    151       576    
       empty.o                        928     0         479    
       startup_mspm0g350x_ticlang.o   8       192       0      
    +--+------------------------------+-------+---------+---------+
       Total:                         4134    343       1055   
                                                               
    .\BSP\src\
       hw_lcd.o                       1712    13300     0      
       senser.o                       1468    0         0      
       pid.o                          1358    32        12     
       encoder.o                      946     0         16     
       LCD.o                          892     0         0      
       key.o                          650     0         0      
       bsp_tb6612.o                   292     0         0      
       hw_spi.o                       94      0         0      
       track_key.o                    84      0         0      
    +--+------------------------------+-------+---------+---------+
       Total:                         7496    13332     28     
                                                               
    .\Board\
       board.o                        24      0         0      
    +--+------------------------------+-------+---------+---------+
       Total:                         24      0         0      
                                                               
    C:/TI/mspm0_sdk_2_05_00_05/source/ti/driverlib/lib/ticlang/m0p/mspm0g1x0x_g3x0x/driverlib.a
       dl_timer.o                     588     0         0      
       dl_sysctl_mspm0g1x0x_g3x0x.o   388     0         0      
       dl_uart.o                      90      0         0      
       dl_spi.o                       86      0         0      
       dl_adc12.o                     64      0         0      
       dl_common.o                    10      0         0      
    +--+------------------------------+-------+---------+---------+
       Total:                         1226    0         0      
                                                               
    D:\27ti\ccs2011\ccs\tools\compiler\ti-cgt-armllvm_4.0.3.LTS\lib\armv6m-ti-none-eabi/c/libc.a
       copy_decompress_lzss.c.obj     124     0         0      
       autoinit.c.obj                 60      0         0      
       boot_cortex_m.c.obj            56      0         0      
       memmov.c.obj                   40      0         0      
       copy_decompress_none.c.obj     18      0         0      
       memcpy16.S.obj                 18      0         0      
       copy_zero_init.c.obj           16      0         0      
       memset16.S.obj                 14      0         0      
       exit.c.obj                     6       0         0      
       pre_init.c.obj                 4       0         0      
    +--+------------------------------+-------+---------+---------+
       Total:                         356     0         0      
                                                               
    D:\27ti\ccs2011\ccs\tools\compiler\ti-cgt-armllvm_4.0.3.LTS\lib\armv6m-ti-none-eabi/c/libsysbm.a
       hostexit.c.obj                 4       0         0      
    +--+------------------------------+-------+---------+---------+
       Total:                         4       0         0      
                                                               
    D:\27ti\ccs2011\ccs\tools\compiler\ti-cgt-armllvm_4.0.3.LTS\lib\armv6m-ti-none-eabi/libclang_rt.builtins.a
       adddf3.S.obj                   402     0         0      
       divdf3.S.obj                   268     0         0      
       muldf3.S.obj                   228     0         0      
       comparedf2.c.obj               220     0         0      
       addsf3.S.obj                   216     0         0      
       mulsf3.S.obj                   140     0         0      
       comparesf2.S.obj               118     0         0      
       truncdfsf2.S.obj               116     0         0      
       aeabi_dcmp.S.obj               98      0         0      
       aeabi_fcmp.S.obj               98      0         0      
       aeabi_idivmod.S.obj            86      0         0      
       fixdfsi.S.obj                  74      0         0      
       aeabi_uidivmod.S.obj           64      0         0      
       extendsfdf2.S.obj              64      0         0      
       floatsisf.S.obj                60      0         0      
       muldsi3.S.obj                  58      0         0      
       fixsfsi.S.obj                  56      0         0      
       floatsidf.S.obj                44      0         0      
       floatunsisf.S.obj              40      0         0      
       floatunsidf.S.obj              36      0         0      
       aeabi_memset.S.obj             12      0         0      
       aeabi_memcpy.S.obj             8       0         0      
       aeabi_memmove.S.obj            8       0         0      
       aeabi_div0.c.obj               2       0         0      
    +--+------------------------------+-------+---------+---------+
       Total:                         2516    0         0      
                                                               
       Stack:                         0       0         512    
       Linker Generated:              0       60        0      
    +--+------------------------------+-------+---------+---------+
       Grand Total:                   15756   13735     1595   


LINKER GENERATED COPY TABLES

__TI_cinit_table @ 0000734c records: 2, size/record: 8, table size: 16
	.data: load addr=00007320, load size=00000018 bytes, run addr=202003f8, run size=00000046 bytes, compression=lzss
	.bss: load addr=00007344, load size=00000008 bytes, run addr=20200000, run size=000003f5 bytes, compression=zero_init


LINKER GENERATED HANDLER TABLE

__TI_handler_table @ 00007338 records: 3, size/record: 4, table size: 12
	index: 0, handler: __TI_decompress_lzss
	index: 1, handler: __TI_decompress_none
	index: 2, handler: __TI_zero_init


FAR CALL TRAMPOLINES

callee name               trampoline name
   callee addr  tramp addr   call addr  call info
--------------  -----------  ---------  ----------------
_c_int00_noargs           $Tramp$TT$L$PI$$_c_int00_noargs
   000035f5     00003e5c     00003e56   startup_mspm0g350x_ticlang.o (.text.Reset_Handler)

[1 trampolines]
[1 trampoline calls]


GLOBAL SYMBOLS: SORTED ALPHABETICALLY BY Name 

address   name                                 
-------   ----                                 
00003e4f  ADC0_IRQHandler                      
00003e4f  ADC1_IRQHandler                      
00003e4f  AES_IRQHandler                       
202003f8  Anolog                               
00003e52  C$$EXIT                              
00003e4f  CANFD0_IRQHandler                    
00003e4f  DAC0_IRQHandler                      
00002ecd  DL_ADC12_setClockConfig              
00003e2d  DL_Common_delayCycles                
00002e01  DL_SPI_init                          
00003d3d  DL_SPI_setClockConfig                
00001cfd  DL_SYSCTL_configSYSPLL               
00002819  DL_SYSCTL_setHFCLKSourceHFXTParams   
00002e45  DL_SYSCTL_switchMCLKfromSYSOSCtoHSCLK
00001741  DL_Timer_initFourCCPWMMode           
00001b31  DL_Timer_initTimerMode               
00003841  DL_Timer_setCaptCompUpdateMethod     
00003b25  DL_Timer_setCaptureCompareOutCtl     
00003dd9  DL_Timer_setCaptureCompareValue      
0000385d  DL_Timer_setClockConfig              
00002d29  DL_UART_init                         
00003d73  DL_UART_setClockConfig               
00003e4f  DMA_IRQHandler                       
00003e4f  Default_Handler                      
202003e8  Digtal                               
000013ad  Follow_Line                          
00003e4f  GROUP0_IRQHandler                    
00001941  GROUP1_IRQHandler                    
00001f85  Get_Analog_value                     
00003109  Get_Anolog_Value                     
00003df9  Get_Digtal_For_User                  
000032ab  Get_Normalize_For_User               
00003e53  HOSTexit                             
00003e4f  HardFault_Handler                    
00003e4f  I2C0_IRQHandler                      
00003e4f  I2C1_IRQHandler                      
00001eb1  Inc_PID_Calculate                    
000014f9  Key_Read                             
0000308d  LCD_Address_Set                      
000036c9  LCD_DrawPoint                        
00002a03  LCD_Fill                             
0000085d  LCD_ShowChar                         
000010f1  LCD_ShowSignedIntNum                 
00003879  LCD_WR_DATA                          
00003d01  LCD_WR_DATA8                         
000033e1  LCD_WR_REG                           
00003411  LCD_Writ_Bus                         
000000c1  Lcd_Proc                             
00003441  Motor_Get_Encoder                    
00002d71  Motor_Init                           
00003e4f  NMI_Handler                          
00000f69  No_MCU_Ganv_Sensor_Init              
00002665  No_MCU_Ganv_Sensor_Init_Frist        
00002e89  No_Mcu_Ganv_Sensor_Task_Without_tick 
202003a4  Normal                               
000029a5  PID_Compute                          
00002bad  PID_Init                             
00003e4f  PendSV_Handler                       
00003e4f  RTC_IRQHandler                       
00002ab9  Read_Tracking_Sensors1               
00003e57  Reset_Handler                        
00003e4f  SPI0_IRQHandler                      
00003e4f  SPI1_IRQHandler                      
00003e4f  SVC_Handler                          
00002bf9  SYSCFG_DL_ADC1_init                  
000021c5  SYSCFG_DL_BJDJ_init                  
00000425  SYSCFG_DL_GPIO_init                  
00002255  SYSCFG_DL_PWM_0_init                 
000026d9  SYSCFG_DL_PWM_1_init                 
00002f0d  SYSCFG_DL_SPI_LCD_init               
00003895  SYSCFG_DL_SYSCTL_CLK_init            
00002b0d  SYSCFG_DL_SYSCTL_init                
00003d15  SYSCFG_DL_SYSTICK_init               
00002f4d  SYSCFG_DL_TIMER_0_init               
00003145  SYSCFG_DL_TIMER_1_init               
00002f8d  SYSCFG_DL_UART_0_init                
00002945  SYSCFG_DL_init                       
00002055  SYSCFG_DL_initPower                  
00003e4f  SysTick_Handler                      
00003641  TIMA0_IRQHandler                     
00003e4f  TIMA1_IRQHandler                     
00001845  TIMG0_IRQHandler                     
00003e4f  TIMG12_IRQHandler                    
00003e4f  TIMG6_IRQHandler                     
00003e4f  TIMG7_IRQHandler                     
00003e4f  TIMG8_IRQHandler                     
00003d85  TI_memcpy_small                      
00003e07  TI_memset_small                      
00003e4f  UART0_IRQHandler                     
00003e4f  UART1_IRQHandler                     
00003e4f  UART2_IRQHandler                     
00003e4f  UART3_IRQHandler                     
20208000  __STACK_END                          
00000200  __STACK_SIZE                         
00000000  __TI_ATRegion0_region_sz             
00000000  __TI_ATRegion0_src_addr              
00000000  __TI_ATRegion0_trg_addr              
00000000  __TI_ATRegion1_region_sz             
00000000  __TI_ATRegion1_src_addr              
00000000  __TI_ATRegion1_trg_addr              
00000000  __TI_ATRegion2_region_sz             
00000000  __TI_ATRegion2_src_addr              
00000000  __TI_ATRegion2_trg_addr              
0000734c  __TI_CINIT_Base                      
0000735c  __TI_CINIT_Limit                     
0000735c  __TI_CINIT_Warm                      
00007338  __TI_Handler_Table_Base              
00007344  __TI_Handler_Table_Limit             
000031f9  __TI_auto_init_nobinit_nopinit       
00002501  __TI_decompress_lzss                 
00003d97  __TI_decompress_none                 
ffffffff  __TI_pprof_out_hndl                  
ffffffff  __TI_prof_data_size                  
ffffffff  __TI_prof_data_start                 
00000000  __TI_static_base__                   
00003de9  __TI_zero_init                       
00000ddf  __adddf3                             
00001de3  __addsf3                             
000025f1  __aeabi_d2f                          
00002cdd  __aeabi_d2iz                         
00000ddf  __aeabi_dadd                         
0000287d  __aeabi_dcmpeq                       
000028b9  __aeabi_dcmpge                       
000028cd  __aeabi_dcmpgt                       
000028a5  __aeabi_dcmple                       
00002891  __aeabi_dcmplt                       
00001635  __aeabi_ddiv                         
00001c19  __aeabi_dmul                         
00000dd5  __aeabi_dsub                         
0000300d  __aeabi_f2d                          
000032e5  __aeabi_f2iz                         
00001de3  __aeabi_fadd                         
000028e1  __aeabi_fcmpeq                       
0000291d  __aeabi_fcmpge                       
00002931  __aeabi_fcmpgt                       
00002909  __aeabi_fcmple                       
000028f5  __aeabi_fcmplt                       
000022e5  __aeabi_fmul                         
00001dd9  __aeabi_fsub                         
00003529  __aeabi_i2d                          
00003181  __aeabi_i2f                          
00002a61  __aeabi_idiv                         
00000f67  __aeabi_idiv0                        
00002a61  __aeabi_idivmod                      
00003e21  __aeabi_memclr                       
00003e21  __aeabi_memclr4                      
00003e21  __aeabi_memclr8                      
00003e39  __aeabi_memcpy                       
00003e39  __aeabi_memcpy4                      
00003e39  __aeabi_memcpy8                      
00003e41  __aeabi_memmove                      
00003e41  __aeabi_memmove4                     
00003e41  __aeabi_memmove8                     
00003665  __aeabi_ui2d                         
000035a5  __aeabi_ui2f                         
00002fcd  __aeabi_uidiv                        
00002fcd  __aeabi_uidivmod                     
ffffffff  __binit__                            
000027b1  __cmpdf2                             
00003235  __cmpsf2                             
00001635  __divdf3                             
000027b1  __eqdf2                              
00003235  __eqsf2                              
0000300d  __extendsfdf2                        
00002cdd  __fixdfsi                            
000032e5  __fixsfsi                            
00003529  __floatsidf                          
00003181  __floatsisf                          
00003665  __floatunsidf                        
000035a5  __floatunsisf                        
0000257d  __gedf2                              
000031bd  __gesf2                              
0000257d  __gtdf2                              
000031bd  __gtsf2                              
000027b1  __ledf2                              
00003235  __lesf2                              
000027b1  __ltdf2                              
00003235  __ltsf2                              
UNDEFED   __mpu_init                           
00001c19  __muldf3                             
00003271  __muldsi3                            
000022e5  __mulsf3                             
000027b1  __nedf2                              
00003235  __nesf2                              
20207e00  __stack                              
20200000  __start___llvm_prf_bits              
20200000  __start___llvm_prf_cnts              
20200000  __stop___llvm_prf_bits               
20200000  __stop___llvm_prf_cnts               
00000dd5  __subdf3                             
00001dd9  __subsf3                             
000025f1  __truncdfsf2                         
000035f5  _c_int00_noargs                      
UNDEFED   _system_post_cinit                   
00003e6d  _system_pre_init                     
00003e49  abort                                
00002db9  adc_getValue                         
00003b6d  append                               
20200374  arr1                                 
2020038c  arr2                                 
00006df0  ascii_1206                           
00006800  ascii_1608                           
00005630  ascii_2412                           
00003e70  ascii_3216                           
2020043c  base_speed                           
ffffffff  binit                                
20200408  black                                
00002745  convertAnalogToDigital               
202003cc  current_speeed1                      
202003d0  current_speeed2                      
00003b85  delay_ms                             
202003d4  distance1                            
00001251  end_proc                             
202003e9  fx_flag                              
20200000  gPWM_0Backup                         
20200228  gPWM_1Backup                         
2020034c  gSPI_LCDBackup                       
202000bc  gTIMER_1Backup                       
0000304d  getAverage                           
00002c45  grey_proc                            
000038b1  initArray                            
00000000  interruptVectors                     
202003ea  key_down                             
202003eb  key_mode                             
202003ec  key_old                              
202003ed  key_up                               
202003ee  key_val                              
202003ef  lcd_flag                             
00000a39  lcd_init                             
00000c09  main                                 
000035cd  memmove                              
202002c8  motor1_pid                           
202002f4  motor2_pid                           
00003471  mypow                                
00002119  normalizeAnalogValues                
202003f0  num1                                 
202003d8  pid_output                           
202003f1  position_flag                        
00003d29  pwm_break                            
0000064d  pwm_calculate                        
00001a39  pwm_ctrol                            
20200434  pwm_value1                           
20200438  pwm_value2                           
000036e9  removeFirst                          
202003dc  rpm                                  
20200178  sensor                               
202003c4  sensor_values                        
000034a1  spi_write_bus                        
202003f2  start_flag                           
202003f3  stop_flag1                           
202003e0  target_speed1                        
202003e4  target_speed2                        
20200320  track_pid                            
202003f4  us3s_flag                            
20200418  white                                


GLOBAL SYMBOLS: SORTED BY Symbol Address 

address   name                                 
-------   ----                                 
00000000  __TI_ATRegion0_region_sz             
00000000  __TI_ATRegion0_src_addr              
00000000  __TI_ATRegion0_trg_addr              
00000000  __TI_ATRegion1_region_sz             
00000000  __TI_ATRegion1_src_addr              
00000000  __TI_ATRegion1_trg_addr              
00000000  __TI_ATRegion2_region_sz             
00000000  __TI_ATRegion2_src_addr              
00000000  __TI_ATRegion2_trg_addr              
00000000  __TI_static_base__                   
00000000  interruptVectors                     
000000c1  Lcd_Proc                             
00000200  __STACK_SIZE                         
00000425  SYSCFG_DL_GPIO_init                  
0000064d  pwm_calculate                        
0000085d  LCD_ShowChar                         
00000a39  lcd_init                             
00000c09  main                                 
00000dd5  __aeabi_dsub                         
00000dd5  __subdf3                             
00000ddf  __adddf3                             
00000ddf  __aeabi_dadd                         
00000f67  __aeabi_idiv0                        
00000f69  No_MCU_Ganv_Sensor_Init              
000010f1  LCD_ShowSignedIntNum                 
00001251  end_proc                             
000013ad  Follow_Line                          
000014f9  Key_Read                             
00001635  __aeabi_ddiv                         
00001635  __divdf3                             
00001741  DL_Timer_initFourCCPWMMode           
00001845  TIMG0_IRQHandler                     
00001941  GROUP1_IRQHandler                    
00001a39  pwm_ctrol                            
00001b31  DL_Timer_initTimerMode               
00001c19  __aeabi_dmul                         
00001c19  __muldf3                             
00001cfd  DL_SYSCTL_configSYSPLL               
00001dd9  __aeabi_fsub                         
00001dd9  __subsf3                             
00001de3  __addsf3                             
00001de3  __aeabi_fadd                         
00001eb1  Inc_PID_Calculate                    
00001f85  Get_Analog_value                     
00002055  SYSCFG_DL_initPower                  
00002119  normalizeAnalogValues                
000021c5  SYSCFG_DL_BJDJ_init                  
00002255  SYSCFG_DL_PWM_0_init                 
000022e5  __aeabi_fmul                         
000022e5  __mulsf3                             
00002501  __TI_decompress_lzss                 
0000257d  __gedf2                              
0000257d  __gtdf2                              
000025f1  __aeabi_d2f                          
000025f1  __truncdfsf2                         
00002665  No_MCU_Ganv_Sensor_Init_Frist        
000026d9  SYSCFG_DL_PWM_1_init                 
00002745  convertAnalogToDigital               
000027b1  __cmpdf2                             
000027b1  __eqdf2                              
000027b1  __ledf2                              
000027b1  __ltdf2                              
000027b1  __nedf2                              
00002819  DL_SYSCTL_setHFCLKSourceHFXTParams   
0000287d  __aeabi_dcmpeq                       
00002891  __aeabi_dcmplt                       
000028a5  __aeabi_dcmple                       
000028b9  __aeabi_dcmpge                       
000028cd  __aeabi_dcmpgt                       
000028e1  __aeabi_fcmpeq                       
000028f5  __aeabi_fcmplt                       
00002909  __aeabi_fcmple                       
0000291d  __aeabi_fcmpge                       
00002931  __aeabi_fcmpgt                       
00002945  SYSCFG_DL_init                       
000029a5  PID_Compute                          
00002a03  LCD_Fill                             
00002a61  __aeabi_idiv                         
00002a61  __aeabi_idivmod                      
00002ab9  Read_Tracking_Sensors1               
00002b0d  SYSCFG_DL_SYSCTL_init                
00002bad  PID_Init                             
00002bf9  SYSCFG_DL_ADC1_init                  
00002c45  grey_proc                            
00002cdd  __aeabi_d2iz                         
00002cdd  __fixdfsi                            
00002d29  DL_UART_init                         
00002d71  Motor_Init                           
00002db9  adc_getValue                         
00002e01  DL_SPI_init                          
00002e45  DL_SYSCTL_switchMCLKfromSYSOSCtoHSCLK
00002e89  No_Mcu_Ganv_Sensor_Task_Without_tick 
00002ecd  DL_ADC12_setClockConfig              
00002f0d  SYSCFG_DL_SPI_LCD_init               
00002f4d  SYSCFG_DL_TIMER_0_init               
00002f8d  SYSCFG_DL_UART_0_init                
00002fcd  __aeabi_uidiv                        
00002fcd  __aeabi_uidivmod                     
0000300d  __aeabi_f2d                          
0000300d  __extendsfdf2                        
0000304d  getAverage                           
0000308d  LCD_Address_Set                      
00003109  Get_Anolog_Value                     
00003145  SYSCFG_DL_TIMER_1_init               
00003181  __aeabi_i2f                          
00003181  __floatsisf                          
000031bd  __gesf2                              
000031bd  __gtsf2                              
000031f9  __TI_auto_init_nobinit_nopinit       
00003235  __cmpsf2                             
00003235  __eqsf2                              
00003235  __lesf2                              
00003235  __ltsf2                              
00003235  __nesf2                              
00003271  __muldsi3                            
000032ab  Get_Normalize_For_User               
000032e5  __aeabi_f2iz                         
000032e5  __fixsfsi                            
000033e1  LCD_WR_REG                           
00003411  LCD_Writ_Bus                         
00003441  Motor_Get_Encoder                    
00003471  mypow                                
000034a1  spi_write_bus                        
00003529  __aeabi_i2d                          
00003529  __floatsidf                          
000035a5  __aeabi_ui2f                         
000035a5  __floatunsisf                        
000035cd  memmove                              
000035f5  _c_int00_noargs                      
00003641  TIMA0_IRQHandler                     
00003665  __aeabi_ui2d                         
00003665  __floatunsidf                        
000036c9  LCD_DrawPoint                        
000036e9  removeFirst                          
00003841  DL_Timer_setCaptCompUpdateMethod     
0000385d  DL_Timer_setClockConfig              
00003879  LCD_WR_DATA                          
00003895  SYSCFG_DL_SYSCTL_CLK_init            
000038b1  initArray                            
00003b25  DL_Timer_setCaptureCompareOutCtl     
00003b6d  append                               
00003b85  delay_ms                             
00003d01  LCD_WR_DATA8                         
00003d15  SYSCFG_DL_SYSTICK_init               
00003d29  pwm_break                            
00003d3d  DL_SPI_setClockConfig                
00003d73  DL_UART_setClockConfig               
00003d85  TI_memcpy_small                      
00003d97  __TI_decompress_none                 
00003dd9  DL_Timer_setCaptureCompareValue      
00003de9  __TI_zero_init                       
00003df9  Get_Digtal_For_User                  
00003e07  TI_memset_small                      
00003e21  __aeabi_memclr                       
00003e21  __aeabi_memclr4                      
00003e21  __aeabi_memclr8                      
00003e2d  DL_Common_delayCycles                
00003e39  __aeabi_memcpy                       
00003e39  __aeabi_memcpy4                      
00003e39  __aeabi_memcpy8                      
00003e41  __aeabi_memmove                      
00003e41  __aeabi_memmove4                     
00003e41  __aeabi_memmove8                     
00003e49  abort                                
00003e4f  ADC0_IRQHandler                      
00003e4f  ADC1_IRQHandler                      
00003e4f  AES_IRQHandler                       
00003e4f  CANFD0_IRQHandler                    
00003e4f  DAC0_IRQHandler                      
00003e4f  DMA_IRQHandler                       
00003e4f  Default_Handler                      
00003e4f  GROUP0_IRQHandler                    
00003e4f  HardFault_Handler                    
00003e4f  I2C0_IRQHandler                      
00003e4f  I2C1_IRQHandler                      
00003e4f  NMI_Handler                          
00003e4f  PendSV_Handler                       
00003e4f  RTC_IRQHandler                       
00003e4f  SPI0_IRQHandler                      
00003e4f  SPI1_IRQHandler                      
00003e4f  SVC_Handler                          
00003e4f  SysTick_Handler                      
00003e4f  TIMA1_IRQHandler                     
00003e4f  TIMG12_IRQHandler                    
00003e4f  TIMG6_IRQHandler                     
00003e4f  TIMG7_IRQHandler                     
00003e4f  TIMG8_IRQHandler                     
00003e4f  UART0_IRQHandler                     
00003e4f  UART1_IRQHandler                     
00003e4f  UART2_IRQHandler                     
00003e4f  UART3_IRQHandler                     
00003e52  C$$EXIT                              
00003e53  HOSTexit                             
00003e57  Reset_Handler                        
00003e6d  _system_pre_init                     
00003e70  ascii_3216                           
00005630  ascii_2412                           
00006800  ascii_1608                           
00006df0  ascii_1206                           
00007338  __TI_Handler_Table_Base              
00007344  __TI_Handler_Table_Limit             
0000734c  __TI_CINIT_Base                      
0000735c  __TI_CINIT_Limit                     
0000735c  __TI_CINIT_Warm                      
20200000  __start___llvm_prf_bits              
20200000  __start___llvm_prf_cnts              
20200000  __stop___llvm_prf_bits               
20200000  __stop___llvm_prf_cnts               
20200000  gPWM_0Backup                         
202000bc  gTIMER_1Backup                       
20200178  sensor                               
20200228  gPWM_1Backup                         
202002c8  motor1_pid                           
202002f4  motor2_pid                           
20200320  track_pid                            
2020034c  gSPI_LCDBackup                       
20200374  arr1                                 
2020038c  arr2                                 
202003a4  Normal                               
202003c4  sensor_values                        
202003cc  current_speeed1                      
202003d0  current_speeed2                      
202003d4  distance1                            
202003d8  pid_output                           
202003dc  rpm                                  
202003e0  target_speed1                        
202003e4  target_speed2                        
202003e8  Digtal                               
202003e9  fx_flag                              
202003ea  key_down                             
202003eb  key_mode                             
202003ec  key_old                              
202003ed  key_up                               
202003ee  key_val                              
202003ef  lcd_flag                             
202003f0  num1                                 
202003f1  position_flag                        
202003f2  start_flag                           
202003f3  stop_flag1                           
202003f4  us3s_flag                            
202003f8  Anolog                               
20200408  black                                
20200418  white                                
20200434  pwm_value1                           
20200438  pwm_value2                           
2020043c  base_speed                           
20207e00  __stack                              
20208000  __STACK_END                          
ffffffff  __TI_pprof_out_hndl                  
ffffffff  __TI_prof_data_size                  
ffffffff  __TI_prof_data_start                 
ffffffff  __binit__                            
ffffffff  binit                                
UNDEFED   __mpu_init                           
UNDEFED   _system_post_cinit                   

[255 symbols]
