<?xml version="1.0" encoding="ISO-8859-1" ?>
<link_info>
   <banner>TI ARM Clang Linker PC v4.0.3.LTS</banner>
   <copyright>Copyright (c) 1996-2018 Texas Instruments Incorporated</copyright>
   <command_line>D:\27ti\ccs2011\ccs\tools\compiler\ti-cgt-armllvm_4.0.3.LTS\bin\tiarmlnk -ID:\27ti\ccs2011\ccs\tools\compiler\ti-cgt-armllvm_4.0.3.LTS\lib -o lcd_m0.out -mlcd_m0.map -iC:/TI/mspm0_sdk_2_05_00_05/source -iD:/1 END/1 JICHU3/1/lcd_m0 -iD:/1 END/1 JICHU3/1/lcd_m0/Debug/syscfg -iD:/27ti/ccs2011/ccs/tools/compiler/ti-cgt-armllvm_4.0.3.LTS/lib --diag_wrap=off --display_error_number --warn_sections --xml_link_info=lcd_m0_linkInfo.xml --rom_model ./empty.o ./ti_msp_dl_config.o ./startup_mspm0g350x_ticlang.o ./BSP/src/BJDJ.o ./BSP/src/Emm_V5.o ./BSP/src/LCD.o ./BSP/src/hw_lcd.o ./BSP/src/hw_spi.o ./BSP/src/key.o ./BSP/src/pid.o ./Board/board.o -l./device_linker.cmd -ldevice.cmd.genlibs -llibc.a --start-group -llibc++.a -llibc++abi.a -llibc.a -llibsys.a -llibsysbm.a -llibclang_rt.builtins.a -llibclang_rt.profile.a --end-group --cg_opt_level=0</command_line>
   <link_time>0x68941c88</link_time>
   <link_errors>0x0</link_errors>
   <output_file>D:\1 END\1 JICHU3\1\lcd_m0\Debug\lcd_m0.out</output_file>
   <entry_point>
      <name>_c_int00_noargs</name>
      <address>0x22c9</address>
   </entry_point>
   <input_file_list>
      <input_file id="fl-1">
         <path>D:\1 END\1 JICHU3\1\lcd_m0\Debug\.\</path>
         <kind>object</kind>
         <file>empty.o</file>
         <name>empty.o</name>
      </input_file>
      <input_file id="fl-2">
         <path>D:\1 END\1 JICHU3\1\lcd_m0\Debug\.\</path>
         <kind>object</kind>
         <file>ti_msp_dl_config.o</file>
         <name>ti_msp_dl_config.o</name>
      </input_file>
      <input_file id="fl-3">
         <path>D:\1 END\1 JICHU3\1\lcd_m0\Debug\.\</path>
         <kind>object</kind>
         <file>startup_mspm0g350x_ticlang.o</file>
         <name>startup_mspm0g350x_ticlang.o</name>
      </input_file>
      <input_file id="fl-4">
         <path>D:\1 END\1 JICHU3\1\lcd_m0\Debug\.\BSP\src\</path>
         <kind>object</kind>
         <file>BJDJ.o</file>
         <name>BJDJ.o</name>
      </input_file>
      <input_file id="fl-5">
         <path>D:\1 END\1 JICHU3\1\lcd_m0\Debug\.\BSP\src\</path>
         <kind>object</kind>
         <file>Emm_V5.o</file>
         <name>Emm_V5.o</name>
      </input_file>
      <input_file id="fl-6">
         <path>D:\1 END\1 JICHU3\1\lcd_m0\Debug\.\BSP\src\</path>
         <kind>object</kind>
         <file>LCD.o</file>
         <name>LCD.o</name>
      </input_file>
      <input_file id="fl-7">
         <path>D:\1 END\1 JICHU3\1\lcd_m0\Debug\.\BSP\src\</path>
         <kind>object</kind>
         <file>hw_lcd.o</file>
         <name>hw_lcd.o</name>
      </input_file>
      <input_file id="fl-8">
         <path>D:\1 END\1 JICHU3\1\lcd_m0\Debug\.\BSP\src\</path>
         <kind>object</kind>
         <file>hw_spi.o</file>
         <name>hw_spi.o</name>
      </input_file>
      <input_file id="fl-9">
         <path>D:\1 END\1 JICHU3\1\lcd_m0\Debug\.\BSP\src\</path>
         <kind>object</kind>
         <file>key.o</file>
         <name>key.o</name>
      </input_file>
      <input_file id="fl-a">
         <path>D:\1 END\1 JICHU3\1\lcd_m0\Debug\.\BSP\src\</path>
         <kind>object</kind>
         <file>pid.o</file>
         <name>pid.o</name>
      </input_file>
      <input_file id="fl-b">
         <path>D:\1 END\1 JICHU3\1\lcd_m0\Debug\.\Board\</path>
         <kind>object</kind>
         <file>board.o</file>
         <name>board.o</name>
      </input_file>
      <input_file id="fl-18">
         <path>D:\1 END\1 JICHU3\1\lcd_m0\Debug\</path>
         <kind>object</kind>
         <file>&lt;internal&gt;</file>
         <name>&lt;internal&gt;</name>
      </input_file>
      <input_file id="fl-19">
         <path>C:\TI\mspm0_sdk_2_05_00_05\source\ti\driverlib\lib\ticlang\m0p\mspm0g1x0x_g3x0x\</path>
         <kind>archive</kind>
         <file>driverlib.a</file>
         <name>dl_common.o</name>
      </input_file>
      <input_file id="fl-1a">
         <path>C:\TI\mspm0_sdk_2_05_00_05\source\ti\driverlib\lib\ticlang\m0p\mspm0g1x0x_g3x0x\</path>
         <kind>archive</kind>
         <file>driverlib.a</file>
         <name>dl_spi.o</name>
      </input_file>
      <input_file id="fl-1b">
         <path>C:\TI\mspm0_sdk_2_05_00_05\source\ti\driverlib\lib\ticlang\m0p\mspm0g1x0x_g3x0x\</path>
         <kind>archive</kind>
         <file>driverlib.a</file>
         <name>dl_timer.o</name>
      </input_file>
      <input_file id="fl-1c">
         <path>C:\TI\mspm0_sdk_2_05_00_05\source\ti\driverlib\lib\ticlang\m0p\mspm0g1x0x_g3x0x\</path>
         <kind>archive</kind>
         <file>driverlib.a</file>
         <name>dl_uart.o</name>
      </input_file>
      <input_file id="fl-1d">
         <path>C:\TI\mspm0_sdk_2_05_00_05\source\ti\driverlib\lib\ticlang\m0p\mspm0g1x0x_g3x0x\</path>
         <kind>archive</kind>
         <file>driverlib.a</file>
         <name>dl_sysctl_mspm0g1x0x_g3x0x.o</name>
      </input_file>
      <input_file id="fl-34">
         <path>D:\27ti\ccs2011\ccs\tools\compiler\ti-cgt-armllvm_4.0.3.LTS\lib\armv6m-ti-none-eabi\c\</path>
         <kind>archive</kind>
         <file>libc.a</file>
         <name>sprintf.c.obj</name>
      </input_file>
      <input_file id="fl-35">
         <path>D:\27ti\ccs2011\ccs\tools\compiler\ti-cgt-armllvm_4.0.3.LTS\lib\armv6m-ti-none-eabi\c\</path>
         <kind>archive</kind>
         <file>libc.a</file>
         <name>vsnprintf.c.obj</name>
      </input_file>
      <input_file id="fl-36">
         <path>D:\27ti\ccs2011\ccs\tools\compiler\ti-cgt-armllvm_4.0.3.LTS\lib\armv6m-ti-none-eabi\c\</path>
         <kind>archive</kind>
         <file>libc.a</file>
         <name>e_sqrt.c.obj</name>
      </input_file>
      <input_file id="fl-37">
         <path>D:\27ti\ccs2011\ccs\tools\compiler\ti-cgt-armllvm_4.0.3.LTS\lib\armv6m-ti-none-eabi\c\</path>
         <kind>archive</kind>
         <file>libc.a</file>
         <name>aeabi_portable.c.obj</name>
      </input_file>
      <input_file id="fl-38">
         <path>D:\27ti\ccs2011\ccs\tools\compiler\ti-cgt-armllvm_4.0.3.LTS\lib\armv6m-ti-none-eabi\c\</path>
         <kind>archive</kind>
         <file>libc.a</file>
         <name>assert.c.obj</name>
      </input_file>
      <input_file id="fl-39">
         <path>D:\27ti\ccs2011\ccs\tools\compiler\ti-cgt-armllvm_4.0.3.LTS\lib\armv6m-ti-none-eabi\c\</path>
         <kind>archive</kind>
         <file>libc.a</file>
         <name>defs.c.obj</name>
      </input_file>
      <input_file id="fl-3a">
         <path>D:\27ti\ccs2011\ccs\tools\compiler\ti-cgt-armllvm_4.0.3.LTS\lib\armv6m-ti-none-eabi\c\</path>
         <kind>archive</kind>
         <file>libc.a</file>
         <name>memory.c.obj</name>
      </input_file>
      <input_file id="fl-3b">
         <path>D:\27ti\ccs2011\ccs\tools\compiler\ti-cgt-armllvm_4.0.3.LTS\lib\armv6m-ti-none-eabi\c\</path>
         <kind>archive</kind>
         <file>libc.a</file>
         <name>strcat.c.obj</name>
      </input_file>
      <input_file id="fl-3c">
         <path>D:\27ti\ccs2011\ccs\tools\compiler\ti-cgt-armllvm_4.0.3.LTS\lib\armv6m-ti-none-eabi\c\</path>
         <kind>archive</kind>
         <file>libc.a</file>
         <name>strcpy.c.obj</name>
      </input_file>
      <input_file id="fl-3d">
         <path>D:\27ti\ccs2011\ccs\tools\compiler\ti-cgt-armllvm_4.0.3.LTS\lib\armv6m-ti-none-eabi\c\</path>
         <kind>archive</kind>
         <file>libc.a</file>
         <name>strlen.c.obj</name>
      </input_file>
      <input_file id="fl-3e">
         <path>D:\27ti\ccs2011\ccs\tools\compiler\ti-cgt-armllvm_4.0.3.LTS\lib\armv6m-ti-none-eabi\c\</path>
         <kind>archive</kind>
         <file>libc.a</file>
         <name>boot_cortex_m.c.obj</name>
      </input_file>
      <input_file id="fl-3f">
         <path>D:\27ti\ccs2011\ccs\tools\compiler\ti-cgt-armllvm_4.0.3.LTS\lib\armv6m-ti-none-eabi\c\</path>
         <kind>archive</kind>
         <file>libc.a</file>
         <name>mathacl_init.c.obj</name>
      </input_file>
      <input_file id="fl-40">
         <path>D:\27ti\ccs2011\ccs\tools\compiler\ti-cgt-armllvm_4.0.3.LTS\lib\armv6m-ti-none-eabi\c\</path>
         <kind>archive</kind>
         <file>libc.a</file>
         <name>autoinit.c.obj</name>
      </input_file>
      <input_file id="fl-41">
         <path>D:\27ti\ccs2011\ccs\tools\compiler\ti-cgt-armllvm_4.0.3.LTS\lib\armv6m-ti-none-eabi\c\</path>
         <kind>archive</kind>
         <file>libc.a</file>
         <name>pre_init.c.obj</name>
      </input_file>
      <input_file id="fl-42">
         <path>D:\27ti\ccs2011\ccs\tools\compiler\ti-cgt-armllvm_4.0.3.LTS\lib\armv6m-ti-none-eabi\c\</path>
         <kind>archive</kind>
         <file>libc.a</file>
         <name>cpy_tbl.c.obj</name>
      </input_file>
      <input_file id="fl-43">
         <path>D:\27ti\ccs2011\ccs\tools\compiler\ti-cgt-armllvm_4.0.3.LTS\lib\armv6m-ti-none-eabi\c\</path>
         <kind>archive</kind>
         <file>libc.a</file>
         <name>copy_zero_init.c.obj</name>
      </input_file>
      <input_file id="fl-44">
         <path>D:\27ti\ccs2011\ccs\tools\compiler\ti-cgt-armllvm_4.0.3.LTS\lib\armv6m-ti-none-eabi\c\</path>
         <kind>archive</kind>
         <file>libc.a</file>
         <name>copy_decompress_none.c.obj</name>
      </input_file>
      <input_file id="fl-45">
         <path>D:\27ti\ccs2011\ccs\tools\compiler\ti-cgt-armllvm_4.0.3.LTS\lib\armv6m-ti-none-eabi\c\</path>
         <kind>archive</kind>
         <file>libc.a</file>
         <name>copy_decompress_lzss.c.obj</name>
      </input_file>
      <input_file id="fl-46">
         <path>D:\27ti\ccs2011\ccs\tools\compiler\ti-cgt-armllvm_4.0.3.LTS\lib\armv6m-ti-none-eabi\c\</path>
         <kind>archive</kind>
         <file>libc.a</file>
         <name>_printfi.c.obj</name>
      </input_file>
      <input_file id="fl-47">
         <path>D:\27ti\ccs2011\ccs\tools\compiler\ti-cgt-armllvm_4.0.3.LTS\lib\armv6m-ti-none-eabi\c\</path>
         <kind>archive</kind>
         <file>libc.a</file>
         <name>fflush.c.obj</name>
      </input_file>
      <input_file id="fl-48">
         <path>D:\27ti\ccs2011\ccs\tools\compiler\ti-cgt-armllvm_4.0.3.LTS\lib\armv6m-ti-none-eabi\c\</path>
         <kind>archive</kind>
         <file>libc.a</file>
         <name>fputs.c.obj</name>
      </input_file>
      <input_file id="fl-49">
         <path>D:\27ti\ccs2011\ccs\tools\compiler\ti-cgt-armllvm_4.0.3.LTS\lib\armv6m-ti-none-eabi\c\</path>
         <kind>archive</kind>
         <file>libc.a</file>
         <name>_io_perm.c.obj</name>
      </input_file>
      <input_file id="fl-4a">
         <path>D:\27ti\ccs2011\ccs\tools\compiler\ti-cgt-armllvm_4.0.3.LTS\lib\armv6m-ti-none-eabi\c\</path>
         <kind>archive</kind>
         <file>libc.a</file>
         <name>setvbuf.c.obj</name>
      </input_file>
      <input_file id="fl-4b">
         <path>D:\27ti\ccs2011\ccs\tools\compiler\ti-cgt-armllvm_4.0.3.LTS\lib\armv6m-ti-none-eabi\c\</path>
         <kind>archive</kind>
         <file>libc.a</file>
         <name>s_frexp.c.obj</name>
      </input_file>
      <input_file id="fl-4c">
         <path>D:\27ti\ccs2011\ccs\tools\compiler\ti-cgt-armllvm_4.0.3.LTS\lib\armv6m-ti-none-eabi\c\</path>
         <kind>archive</kind>
         <file>libc.a</file>
         <name>s_scalbn.c.obj</name>
      </input_file>
      <input_file id="fl-4d">
         <path>D:\27ti\ccs2011\ccs\tools\compiler\ti-cgt-armllvm_4.0.3.LTS\lib\armv6m-ti-none-eabi\c\</path>
         <kind>archive</kind>
         <file>libc.a</file>
         <name>wcslen.c.obj</name>
      </input_file>
      <input_file id="fl-4e">
         <path>D:\27ti\ccs2011\ccs\tools\compiler\ti-cgt-armllvm_4.0.3.LTS\lib\armv6m-ti-none-eabi\c\</path>
         <kind>archive</kind>
         <file>libc.a</file>
         <name>exit.c.obj</name>
      </input_file>
      <input_file id="fl-4f">
         <path>D:\27ti\ccs2011\ccs\tools\compiler\ti-cgt-armllvm_4.0.3.LTS\lib\armv6m-ti-none-eabi\c\</path>
         <kind>archive</kind>
         <file>libc.a</file>
         <name>_lock.c.obj</name>
      </input_file>
      <input_file id="fl-50">
         <path>D:\27ti\ccs2011\ccs\tools\compiler\ti-cgt-armllvm_4.0.3.LTS\lib\armv6m-ti-none-eabi\c\</path>
         <kind>archive</kind>
         <file>libc.a</file>
         <name>_ltoa.c.obj</name>
      </input_file>
      <input_file id="fl-51">
         <path>D:\27ti\ccs2011\ccs\tools\compiler\ti-cgt-armllvm_4.0.3.LTS\lib\armv6m-ti-none-eabi\c\</path>
         <kind>archive</kind>
         <file>libc.a</file>
         <name>args_main.c.obj</name>
      </input_file>
      <input_file id="fl-52">
         <path>D:\27ti\ccs2011\ccs\tools\compiler\ti-cgt-armllvm_4.0.3.LTS\lib\armv6m-ti-none-eabi\c\</path>
         <kind>archive</kind>
         <file>libc.a</file>
         <name>atoi.c.obj</name>
      </input_file>
      <input_file id="fl-53">
         <path>D:\27ti\ccs2011\ccs\tools\compiler\ti-cgt-armllvm_4.0.3.LTS\lib\armv6m-ti-none-eabi\c\</path>
         <kind>archive</kind>
         <file>libc.a</file>
         <name>memccpy.c.obj</name>
      </input_file>
      <input_file id="fl-54">
         <path>D:\27ti\ccs2011\ccs\tools\compiler\ti-cgt-armllvm_4.0.3.LTS\lib\armv6m-ti-none-eabi\c\</path>
         <kind>archive</kind>
         <file>libc.a</file>
         <name>fopen.c.obj</name>
      </input_file>
      <input_file id="fl-55">
         <path>D:\27ti\ccs2011\ccs\tools\compiler\ti-cgt-armllvm_4.0.3.LTS\lib\armv6m-ti-none-eabi\c\</path>
         <kind>archive</kind>
         <file>libc.a</file>
         <name>fseek.c.obj</name>
      </input_file>
      <input_file id="fl-56">
         <path>D:\27ti\ccs2011\ccs\tools\compiler\ti-cgt-armllvm_4.0.3.LTS\lib\armv6m-ti-none-eabi\c\</path>
         <kind>archive</kind>
         <file>libc.a</file>
         <name>aeabi_ctype.S.obj</name>
      </input_file>
      <input_file id="fl-57">
         <path>D:\27ti\ccs2011\ccs\tools\compiler\ti-cgt-armllvm_4.0.3.LTS\lib\armv6m-ti-none-eabi\c\</path>
         <kind>archive</kind>
         <file>libc.a</file>
         <name>fclose.c.obj</name>
      </input_file>
      <input_file id="fl-f7">
         <path>D:\27ti\ccs2011\ccs\tools\compiler\ti-cgt-armllvm_4.0.3.LTS\lib\armv6m-ti-none-eabi\c\</path>
         <kind>archive</kind>
         <file>libsysbm.a</file>
         <name>hostexit.c.obj</name>
      </input_file>
      <input_file id="fl-f8">
         <path>D:\27ti\ccs2011\ccs\tools\compiler\ti-cgt-armllvm_4.0.3.LTS\lib\armv6m-ti-none-eabi\c\</path>
         <kind>archive</kind>
         <file>libsysbm.a</file>
         <name>write.c.obj</name>
      </input_file>
      <input_file id="fl-f9">
         <path>D:\27ti\ccs2011\ccs\tools\compiler\ti-cgt-armllvm_4.0.3.LTS\lib\armv6m-ti-none-eabi\c\</path>
         <kind>archive</kind>
         <file>libsysbm.a</file>
         <name>host_device.c.obj</name>
      </input_file>
      <input_file id="fl-fa">
         <path>D:\27ti\ccs2011\ccs\tools\compiler\ti-cgt-armllvm_4.0.3.LTS\lib\armv6m-ti-none-eabi\c\</path>
         <kind>archive</kind>
         <file>libsysbm.a</file>
         <name>remove.c.obj</name>
      </input_file>
      <input_file id="fl-fb">
         <path>D:\27ti\ccs2011\ccs\tools\compiler\ti-cgt-armllvm_4.0.3.LTS\lib\armv6m-ti-none-eabi\c\</path>
         <kind>archive</kind>
         <file>libsysbm.a</file>
         <name>open.c.obj</name>
      </input_file>
      <input_file id="fl-fc">
         <path>D:\27ti\ccs2011\ccs\tools\compiler\ti-cgt-armllvm_4.0.3.LTS\lib\armv6m-ti-none-eabi\c\</path>
         <kind>archive</kind>
         <file>libsysbm.a</file>
         <name>lseek.c.obj</name>
      </input_file>
      <input_file id="fl-fd">
         <path>D:\27ti\ccs2011\ccs\tools\compiler\ti-cgt-armllvm_4.0.3.LTS\lib\armv6m-ti-none-eabi\c\</path>
         <kind>archive</kind>
         <file>libsysbm.a</file>
         <name>close.c.obj</name>
      </input_file>
      <input_file id="fl-fe">
         <path>D:\27ti\ccs2011\ccs\tools\compiler\ti-cgt-armllvm_4.0.3.LTS\lib\armv6m-ti-none-eabi\c\</path>
         <kind>archive</kind>
         <file>libsysbm.a</file>
         <name>unlink.c.obj</name>
      </input_file>
      <input_file id="fl-ff">
         <path>D:\27ti\ccs2011\ccs\tools\compiler\ti-cgt-armllvm_4.0.3.LTS\lib\armv6m-ti-none-eabi\c\</path>
         <kind>archive</kind>
         <file>libsysbm.a</file>
         <name>hostclose.c.obj</name>
      </input_file>
      <input_file id="fl-100">
         <path>D:\27ti\ccs2011\ccs\tools\compiler\ti-cgt-armllvm_4.0.3.LTS\lib\armv6m-ti-none-eabi\c\</path>
         <kind>archive</kind>
         <file>libsysbm.a</file>
         <name>hostlseek.c.obj</name>
      </input_file>
      <input_file id="fl-101">
         <path>D:\27ti\ccs2011\ccs\tools\compiler\ti-cgt-armllvm_4.0.3.LTS\lib\armv6m-ti-none-eabi\c\</path>
         <kind>archive</kind>
         <file>libsysbm.a</file>
         <name>hostopen.c.obj</name>
      </input_file>
      <input_file id="fl-102">
         <path>D:\27ti\ccs2011\ccs\tools\compiler\ti-cgt-armllvm_4.0.3.LTS\lib\armv6m-ti-none-eabi\c\</path>
         <kind>archive</kind>
         <file>libsysbm.a</file>
         <name>hostread.c.obj</name>
      </input_file>
      <input_file id="fl-103">
         <path>D:\27ti\ccs2011\ccs\tools\compiler\ti-cgt-armllvm_4.0.3.LTS\lib\armv6m-ti-none-eabi\c\</path>
         <kind>archive</kind>
         <file>libsysbm.a</file>
         <name>hostrename.c.obj</name>
      </input_file>
      <input_file id="fl-104">
         <path>D:\27ti\ccs2011\ccs\tools\compiler\ti-cgt-armllvm_4.0.3.LTS\lib\armv6m-ti-none-eabi\c\</path>
         <kind>archive</kind>
         <file>libsysbm.a</file>
         <name>hostunlink.c.obj</name>
      </input_file>
      <input_file id="fl-105">
         <path>D:\27ti\ccs2011\ccs\tools\compiler\ti-cgt-armllvm_4.0.3.LTS\lib\armv6m-ti-none-eabi\c\</path>
         <kind>archive</kind>
         <file>libsysbm.a</file>
         <name>hostwrite.c.obj</name>
      </input_file>
      <input_file id="fl-106">
         <path>D:\27ti\ccs2011\ccs\tools\compiler\ti-cgt-armllvm_4.0.3.LTS\lib\armv6m-ti-none-eabi\c\</path>
         <kind>archive</kind>
         <file>libsysbm.a</file>
         <name>trgmsg.c.obj</name>
      </input_file>
      <input_file id="fl-107">
         <path>D:\27ti\ccs2011\ccs\tools\compiler\ti-cgt-armllvm_4.0.3.LTS\lib\armv6m-ti-none-eabi\</path>
         <kind>archive</kind>
         <file>libclang_rt.builtins.a</file>
         <name>addsf3.S.obj</name>
      </input_file>
      <input_file id="fl-108">
         <path>D:\27ti\ccs2011\ccs\tools\compiler\ti-cgt-armllvm_4.0.3.LTS\lib\armv6m-ti-none-eabi\</path>
         <kind>archive</kind>
         <file>libclang_rt.builtins.a</file>
         <name>adddf3.S.obj</name>
      </input_file>
      <input_file id="fl-109">
         <path>D:\27ti\ccs2011\ccs\tools\compiler\ti-cgt-armllvm_4.0.3.LTS\lib\armv6m-ti-none-eabi\</path>
         <kind>archive</kind>
         <file>libclang_rt.builtins.a</file>
         <name>muldf3.S.obj</name>
      </input_file>
      <input_file id="fl-10a">
         <path>D:\27ti\ccs2011\ccs\tools\compiler\ti-cgt-armllvm_4.0.3.LTS\lib\armv6m-ti-none-eabi\</path>
         <kind>archive</kind>
         <file>libclang_rt.builtins.a</file>
         <name>muldsi3.S.obj</name>
      </input_file>
      <input_file id="fl-10b">
         <path>D:\27ti\ccs2011\ccs\tools\compiler\ti-cgt-armllvm_4.0.3.LTS\lib\armv6m-ti-none-eabi\</path>
         <kind>archive</kind>
         <file>libclang_rt.builtins.a</file>
         <name>mulsf3.S.obj</name>
      </input_file>
      <input_file id="fl-10c">
         <path>D:\27ti\ccs2011\ccs\tools\compiler\ti-cgt-armllvm_4.0.3.LTS\lib\armv6m-ti-none-eabi\</path>
         <kind>archive</kind>
         <file>libclang_rt.builtins.a</file>
         <name>divdf3.S.obj</name>
      </input_file>
      <input_file id="fl-10d">
         <path>D:\27ti\ccs2011\ccs\tools\compiler\ti-cgt-armllvm_4.0.3.LTS\lib\armv6m-ti-none-eabi\</path>
         <kind>archive</kind>
         <file>libclang_rt.builtins.a</file>
         <name>fixdfsi.S.obj</name>
      </input_file>
      <input_file id="fl-10e">
         <path>D:\27ti\ccs2011\ccs\tools\compiler\ti-cgt-armllvm_4.0.3.LTS\lib\armv6m-ti-none-eabi\</path>
         <kind>archive</kind>
         <file>libclang_rt.builtins.a</file>
         <name>fixsfsi.S.obj</name>
      </input_file>
      <input_file id="fl-10f">
         <path>D:\27ti\ccs2011\ccs\tools\compiler\ti-cgt-armllvm_4.0.3.LTS\lib\armv6m-ti-none-eabi\</path>
         <kind>archive</kind>
         <file>libclang_rt.builtins.a</file>
         <name>fixunssfsi.S.obj</name>
      </input_file>
      <input_file id="fl-110">
         <path>D:\27ti\ccs2011\ccs\tools\compiler\ti-cgt-armllvm_4.0.3.LTS\lib\armv6m-ti-none-eabi\</path>
         <kind>archive</kind>
         <file>libclang_rt.builtins.a</file>
         <name>floatsidf.S.obj</name>
      </input_file>
      <input_file id="fl-111">
         <path>D:\27ti\ccs2011\ccs\tools\compiler\ti-cgt-armllvm_4.0.3.LTS\lib\armv6m-ti-none-eabi\</path>
         <kind>archive</kind>
         <file>libclang_rt.builtins.a</file>
         <name>floatunsidf.S.obj</name>
      </input_file>
      <input_file id="fl-112">
         <path>D:\27ti\ccs2011\ccs\tools\compiler\ti-cgt-armllvm_4.0.3.LTS\lib\armv6m-ti-none-eabi\</path>
         <kind>archive</kind>
         <file>libclang_rt.builtins.a</file>
         <name>floatunsisf.S.obj</name>
      </input_file>
      <input_file id="fl-113">
         <path>D:\27ti\ccs2011\ccs\tools\compiler\ti-cgt-armllvm_4.0.3.LTS\lib\armv6m-ti-none-eabi\</path>
         <kind>archive</kind>
         <file>libclang_rt.builtins.a</file>
         <name>muldi3.S.obj</name>
      </input_file>
      <input_file id="fl-114">
         <path>D:\27ti\ccs2011\ccs\tools\compiler\ti-cgt-armllvm_4.0.3.LTS\lib\armv6m-ti-none-eabi\</path>
         <kind>archive</kind>
         <file>libclang_rt.builtins.a</file>
         <name>aeabi_dcmp.S.obj</name>
      </input_file>
      <input_file id="fl-115">
         <path>D:\27ti\ccs2011\ccs\tools\compiler\ti-cgt-armllvm_4.0.3.LTS\lib\armv6m-ti-none-eabi\</path>
         <kind>archive</kind>
         <file>libclang_rt.builtins.a</file>
         <name>aeabi_fcmp.S.obj</name>
      </input_file>
      <input_file id="fl-116">
         <path>D:\27ti\ccs2011\ccs\tools\compiler\ti-cgt-armllvm_4.0.3.LTS\lib\armv6m-ti-none-eabi\</path>
         <kind>archive</kind>
         <file>libclang_rt.builtins.a</file>
         <name>aeabi_idivmod.S.obj</name>
      </input_file>
      <input_file id="fl-117">
         <path>D:\27ti\ccs2011\ccs\tools\compiler\ti-cgt-armllvm_4.0.3.LTS\lib\armv6m-ti-none-eabi\</path>
         <kind>archive</kind>
         <file>libclang_rt.builtins.a</file>
         <name>aeabi_memcpy.S.obj</name>
      </input_file>
      <input_file id="fl-118">
         <path>D:\27ti\ccs2011\ccs\tools\compiler\ti-cgt-armllvm_4.0.3.LTS\lib\armv6m-ti-none-eabi\</path>
         <kind>archive</kind>
         <file>libclang_rt.builtins.a</file>
         <name>aeabi_memset.S.obj</name>
      </input_file>
      <input_file id="fl-119">
         <path>D:\27ti\ccs2011\ccs\tools\compiler\ti-cgt-armllvm_4.0.3.LTS\lib\armv6m-ti-none-eabi\</path>
         <kind>archive</kind>
         <file>libclang_rt.builtins.a</file>
         <name>aeabi_uidivmod.S.obj</name>
      </input_file>
      <input_file id="fl-11a">
         <path>D:\27ti\ccs2011\ccs\tools\compiler\ti-cgt-armllvm_4.0.3.LTS\lib\armv6m-ti-none-eabi\</path>
         <kind>archive</kind>
         <file>libclang_rt.builtins.a</file>
         <name>aeabi_uldivmod.S.obj</name>
      </input_file>
      <input_file id="fl-11b">
         <path>D:\27ti\ccs2011\ccs\tools\compiler\ti-cgt-armllvm_4.0.3.LTS\lib\armv6m-ti-none-eabi\</path>
         <kind>archive</kind>
         <file>libclang_rt.builtins.a</file>
         <name>comparesf2.S.obj</name>
      </input_file>
      <input_file id="fl-11c">
         <path>D:\27ti\ccs2011\ccs\tools\compiler\ti-cgt-armllvm_4.0.3.LTS\lib\armv6m-ti-none-eabi\</path>
         <kind>archive</kind>
         <file>libclang_rt.builtins.a</file>
         <name>udivmoddi4.S.obj</name>
      </input_file>
      <input_file id="fl-11d">
         <path>D:\27ti\ccs2011\ccs\tools\compiler\ti-cgt-armllvm_4.0.3.LTS\lib\armv6m-ti-none-eabi\</path>
         <kind>archive</kind>
         <file>libclang_rt.builtins.a</file>
         <name>ashldi3.S.obj</name>
      </input_file>
      <input_file id="fl-11e">
         <path>D:\27ti\ccs2011\ccs\tools\compiler\ti-cgt-armllvm_4.0.3.LTS\lib\armv6m-ti-none-eabi\</path>
         <kind>archive</kind>
         <file>libclang_rt.builtins.a</file>
         <name>comparedf2.c.obj</name>
      </input_file>
      <input_file id="fl-11f">
         <path>D:\27ti\ccs2011\ccs\tools\compiler\ti-cgt-armllvm_4.0.3.LTS\lib\armv6m-ti-none-eabi\</path>
         <kind>archive</kind>
         <file>libclang_rt.builtins.a</file>
         <name>aeabi_div0.c.obj</name>
      </input_file>
      <input_file id="fl-120">
         <path>D:\27ti\ccs2011\ccs\tools\compiler\ti-cgt-armllvm_4.0.3.LTS\lib\armv6m-ti-none-eabi\c\</path>
         <kind>archive</kind>
         <file>libc.a</file>
         <name>getdevice.c.obj</name>
      </input_file>
      <input_file id="fl-121">
         <path>D:\27ti\ccs2011\ccs\tools\compiler\ti-cgt-armllvm_4.0.3.LTS\lib\armv6m-ti-none-eabi\c\</path>
         <kind>archive</kind>
         <file>libc.a</file>
         <name>memcpy16.S.obj</name>
      </input_file>
      <input_file id="fl-122">
         <path>D:\27ti\ccs2011\ccs\tools\compiler\ti-cgt-armllvm_4.0.3.LTS\lib\armv6m-ti-none-eabi\c\</path>
         <kind>archive</kind>
         <file>libc.a</file>
         <name>memset16.S.obj</name>
      </input_file>
      <input_file id="fl-123">
         <path>D:\27ti\ccs2011\ccs\tools\compiler\ti-cgt-armllvm_4.0.3.LTS\lib\armv6m-ti-none-eabi\c\</path>
         <kind>archive</kind>
         <file>libc.a</file>
         <name>strcmp-armv6m.S.obj</name>
      </input_file>
   </input_file_list>
   <object_component_list>
      <object_component id="oc-18">
         <name>.intvecs</name>
         <load_address>0x0</load_address>
         <readonly>true</readonly>
         <run_address>0x0</run_address>
         <size>0xc0</size>
         <alignment>0x4</alignment>
         <input_file_ref idref="fl-3"/>
      </object_component>
      <object_component id="oc-b2">
         <name>.text.Line_Proc_pid</name>
         <load_address>0xc0</load_address>
         <readonly>true</readonly>
         <executable>true</executable>
         <run_address>0xc0</run_address>
         <size>0x2c4</size>
         <alignment>0x4</alignment>
         <input_file_ref idref="fl-4"/>
      </object_component>
      <object_component id="oc-34">
         <name>.text.UART1_IRQHandler</name>
         <load_address>0x384</load_address>
         <readonly>true</readonly>
         <executable>true</executable>
         <run_address>0x384</run_address>
         <size>0x2a0</size>
         <alignment>0x4</alignment>
         <input_file_ref idref="fl-a"/>
      </object_component>
      <object_component id="oc-7b">
         <name>.text.main</name>
         <load_address>0x624</load_address>
         <readonly>true</readonly>
         <executable>true</executable>
         <run_address>0x624</run_address>
         <size>0x1d8</size>
         <alignment>0x4</alignment>
         <input_file_ref idref="fl-1"/>
      </object_component>
      <object_component id="oc-a6">
         <name>.text.lcd_init</name>
         <load_address>0x7fc</load_address>
         <readonly>true</readonly>
         <executable>true</executable>
         <run_address>0x7fc</run_address>
         <size>0x1d0</size>
         <alignment>0x4</alignment>
         <input_file_ref idref="fl-7"/>
      </object_component>
      <object_component id="oc-d9">
         <name>.text.SYSCFG_DL_GPIO_init</name>
         <load_address>0x9cc</load_address>
         <readonly>true</readonly>
         <executable>true</executable>
         <run_address>0x9cc</run_address>
         <size>0x1a0</size>
         <alignment>0x4</alignment>
         <input_file_ref idref="fl-2"/>
      </object_component>
      <object_component id="oc-f9">
         <name>.text.Key_Read</name>
         <load_address>0xb6c</load_address>
         <readonly>true</readonly>
         <executable>true</executable>
         <run_address>0xb6c</run_address>
         <size>0x13c</size>
         <alignment>0x4</alignment>
         <input_file_ref idref="fl-9"/>
      </object_component>
      <object_component id="oc-b0">
         <name>.text.Line_Proc</name>
         <load_address>0xca8</load_address>
         <readonly>true</readonly>
         <executable>true</executable>
         <run_address>0xca8</run_address>
         <size>0x130</size>
         <alignment>0x4</alignment>
         <input_file_ref idref="fl-4"/>
      </object_component>
      <object_component id="oc-153">
         <name>.text.DL_Timer_initFourCCPWMMode</name>
         <load_address>0xdd8</load_address>
         <readonly>true</readonly>
         <executable>true</executable>
         <run_address>0xdd8</run_address>
         <size>0x104</size>
         <alignment>0x4</alignment>
         <input_file_ref idref="fl-1b"/>
      </object_component>
      <object_component id="oc-160">
         <name>.text.DL_Timer_initTimerMode</name>
         <load_address>0xedc</load_address>
         <readonly>true</readonly>
         <executable>true</executable>
         <run_address>0xedc</run_address>
         <size>0xe8</size>
         <alignment>0x4</alignment>
         <input_file_ref idref="fl-1b"/>
      </object_component>
      <object_component id="oc-114">
         <name>.text.PID_Compute1</name>
         <load_address>0xfc4</load_address>
         <readonly>true</readonly>
         <executable>true</executable>
         <run_address>0xfc4</run_address>
         <size>0xe8</size>
         <alignment>0x4</alignment>
         <input_file_ref idref="fl-4"/>
      </object_component>
      <object_component id="oc-149">
         <name>.text.DL_SYSCTL_configSYSPLL</name>
         <load_address>0x10ac</load_address>
         <readonly>true</readonly>
         <executable>true</executable>
         <run_address>0x10ac</run_address>
         <size>0xdc</size>
         <alignment>0x4</alignment>
         <input_file_ref idref="fl-1d"/>
      </object_component>
      <object_component id="oc-191">
         <name>.text</name>
         <load_address>0x1188</load_address>
         <readonly>true</readonly>
         <executable>true</executable>
         <run_address>0x1188</run_address>
         <size>0xd8</size>
         <alignment>0x4</alignment>
         <input_file_ref idref="fl-107"/>
      </object_component>
      <object_component id="oc-ad">
         <name>.text.end_proc</name>
         <load_address>0x1260</load_address>
         <readonly>true</readonly>
         <executable>true</executable>
         <run_address>0x1260</run_address>
         <size>0xcc</size>
         <alignment>0x4</alignment>
         <input_file_ref idref="fl-1"/>
      </object_component>
      <object_component id="oc-d8">
         <name>.text.SYSCFG_DL_initPower</name>
         <load_address>0x132c</load_address>
         <readonly>true</readonly>
         <executable>true</executable>
         <run_address>0x132c</run_address>
         <size>0xb0</size>
         <alignment>0x4</alignment>
         <input_file_ref idref="fl-2"/>
      </object_component>
      <object_component id="oc-dc">
         <name>.text.SYSCFG_DL_BJDJ_init</name>
         <load_address>0x13dc</load_address>
         <readonly>true</readonly>
         <executable>true</executable>
         <run_address>0x13dc</run_address>
         <size>0x90</size>
         <alignment>0x4</alignment>
         <input_file_ref idref="fl-2"/>
      </object_component>
      <object_component id="oc-db">
         <name>.text.SYSCFG_DL_PWM_0_init</name>
         <load_address>0x146c</load_address>
         <readonly>true</readonly>
         <executable>true</executable>
         <run_address>0x146c</run_address>
         <size>0x90</size>
         <alignment>0x4</alignment>
         <input_file_ref idref="fl-2"/>
      </object_component>
      <object_component id="oc-109">
         <name>.text.Emm_V5_Pos_Control_1</name>
         <load_address>0x14fc</load_address>
         <readonly>true</readonly>
         <executable>true</executable>
         <run_address>0x14fc</run_address>
         <size>0x8c</size>
         <alignment>0x4</alignment>
         <input_file_ref idref="fl-5"/>
      </object_component>
      <object_component id="oc-104">
         <name>.text.Emm_V5_Pos_Control_2</name>
         <load_address>0x1588</load_address>
         <readonly>true</readonly>
         <executable>true</executable>
         <run_address>0x1588</run_address>
         <size>0x8c</size>
         <alignment>0x4</alignment>
         <input_file_ref idref="fl-5"/>
      </object_component>
      <object_component id="oc-199">
         <name>.text.__mulsf3</name>
         <load_address>0x1614</load_address>
         <readonly>true</readonly>
         <executable>true</executable>
         <run_address>0x1614</run_address>
         <size>0x8c</size>
         <alignment>0x4</alignment>
         <input_file_ref idref="fl-10b"/>
      </object_component>
      <object_component id="oc-189">
         <name>.text.scanRow</name>
         <load_address>0x16a0</load_address>
         <readonly>true</readonly>
         <executable>true</executable>
         <run_address>0x16a0</run_address>
         <size>0x88</size>
         <alignment>0x4</alignment>
         <input_file_ref idref="fl-9"/>
      </object_component>
      <object_component id="oc-162">
         <name>.text.__NVIC_SetPriority</name>
         <load_address>0x1728</load_address>
         <readonly>true</readonly>
         <executable>true</executable>
         <run_address>0x1728</run_address>
         <size>0x84</size>
         <alignment>0x4</alignment>
         <input_file_ref idref="fl-2"/>
      </object_component>
      <object_component id="oc-1b7">
         <name>.text.readColumns</name>
         <load_address>0x17ac</load_address>
         <readonly>true</readonly>
         <executable>true</executable>
         <run_address>0x17ac</run_address>
         <size>0x84</size>
         <alignment>0x4</alignment>
         <input_file_ref idref="fl-9"/>
      </object_component>
      <object_component id="oc-1c">
         <name>.text:decompress:lzss</name>
         <load_address>0x1830</load_address>
         <readonly>true</readonly>
         <executable>true</executable>
         <run_address>0x1830</run_address>
         <size>0x7c</size>
         <alignment>0x4</alignment>
         <input_file_ref idref="fl-45"/>
      </object_component>
      <object_component id="oc-dd">
         <name>.text.SYSCFG_DL_PWM_1_init</name>
         <load_address>0x18ac</load_address>
         <readonly>true</readonly>
         <executable>true</executable>
         <run_address>0x18ac</run_address>
         <size>0x6c</size>
         <alignment>0x4</alignment>
         <input_file_ref idref="fl-2"/>
      </object_component>
      <object_component id="oc-39">
         <name>.text.TIMA0_IRQHandler</name>
         <load_address>0x1918</load_address>
         <readonly>true</readonly>
         <executable>true</executable>
         <run_address>0x1918</run_address>
         <size>0x68</size>
         <alignment>0x4</alignment>
         <input_file_ref idref="fl-a"/>
      </object_component>
      <object_component id="oc-143">
         <name>.text.DL_SYSCTL_setHFCLKSourceHFXTParams</name>
         <load_address>0x1980</load_address>
         <readonly>true</readonly>
         <executable>true</executable>
         <run_address>0x1980</run_address>
         <size>0x64</size>
         <alignment>0x4</alignment>
         <input_file_ref idref="fl-1d"/>
      </object_component>
      <object_component id="oc-10f">
         <name>.text.Emm_V5_Vel_Control</name>
         <load_address>0x19e4</load_address>
         <readonly>true</readonly>
         <executable>true</executable>
         <run_address>0x19e4</run_address>
         <size>0x64</size>
         <alignment>0x4</alignment>
         <input_file_ref idref="fl-5"/>
      </object_component>
      <object_component id="oc-195">
         <name>.text.__aeabi_fcmp</name>
         <load_address>0x1a48</load_address>
         <readonly>true</readonly>
         <executable>true</executable>
         <run_address>0x1a48</run_address>
         <size>0x62</size>
         <alignment>0x4</alignment>
         <input_file_ref idref="fl-115"/>
      </object_component>
      <object_component id="oc-ab">
         <name>.text.LCD_Fill</name>
         <load_address>0x1aaa</load_address>
         <readonly>true</readonly>
         <executable>true</executable>
         <run_address>0x1aaa</run_address>
         <size>0x5c</size>
         <alignment>0x2</alignment>
         <input_file_ref idref="fl-7"/>
      </object_component>
      <object_component id="oc-b1">
         <name>.text.diansai_3</name>
         <load_address>0x1b08</load_address>
         <readonly>true</readonly>
         <executable>true</executable>
         <run_address>0x1b08</run_address>
         <size>0x5c</size>
         <alignment>0x4</alignment>
         <input_file_ref idref="fl-4"/>
      </object_component>
      <object_component id="oc-e0">
         <name>.text.SYSCFG_DL_UART_1_init</name>
         <load_address>0x1b64</load_address>
         <readonly>true</readonly>
         <executable>true</executable>
         <run_address>0x1b64</run_address>
         <size>0x54</size>
         <alignment>0x4</alignment>
         <input_file_ref idref="fl-2"/>
      </object_component>
      <object_component id="oc-95">
         <name>.text.SYSCFG_DL_init</name>
         <load_address>0x1bb8</load_address>
         <readonly>true</readonly>
         <executable>true</executable>
         <run_address>0x1bb8</run_address>
         <size>0x54</size>
         <alignment>0x4</alignment>
         <input_file_ref idref="fl-2"/>
      </object_component>
      <object_component id="oc-18c">
         <name>.text.uart0_send_data</name>
         <load_address>0x1c0c</load_address>
         <readonly>true</readonly>
         <executable>true</executable>
         <run_address>0x1c0c</run_address>
         <size>0x54</size>
         <alignment>0x4</alignment>
         <input_file_ref idref="fl-b"/>
      </object_component>
      <object_component id="oc-16d">
         <name>.text.DL_UART_setBaudRateDivisor</name>
         <load_address>0x1c60</load_address>
         <readonly>true</readonly>
         <executable>true</executable>
         <run_address>0x1c60</run_address>
         <size>0x4c</size>
         <alignment>0x4</alignment>
         <input_file_ref idref="fl-2"/>
      </object_component>
      <object_component id="oc-a1">
         <name>.text.PID_Init1</name>
         <load_address>0x1cac</load_address>
         <readonly>true</readonly>
         <executable>true</executable>
         <run_address>0x1cac</run_address>
         <size>0x4c</size>
         <alignment>0x2</alignment>
         <input_file_ref idref="fl-4"/>
      </object_component>
      <object_component id="oc-da">
         <name>.text.SYSCFG_DL_SYSCTL_init</name>
         <load_address>0x1cf8</load_address>
         <readonly>true</readonly>
         <executable>true</executable>
         <run_address>0x1cf8</run_address>
         <size>0x4c</size>
         <alignment>0x4</alignment>
         <input_file_ref idref="fl-2"/>
      </object_component>
      <object_component id="oc-16b">
         <name>.text.DL_UART_init</name>
         <load_address>0x1d44</load_address>
         <readonly>true</readonly>
         <executable>true</executable>
         <run_address>0x1d44</run_address>
         <size>0x48</size>
         <alignment>0x4</alignment>
         <input_file_ref idref="fl-1c"/>
      </object_component>
      <object_component id="oc-17a">
         <name>.text.DL_SPI_init</name>
         <load_address>0x1d8c</load_address>
         <readonly>true</readonly>
         <executable>true</executable>
         <run_address>0x1d8c</run_address>
         <size>0x44</size>
         <alignment>0x4</alignment>
         <input_file_ref idref="fl-1a"/>
      </object_component>
      <object_component id="oc-14b">
         <name>.text.DL_SYSCTL_switchMCLKfromSYSOSCtoHSCLK</name>
         <load_address>0x1dd0</load_address>
         <readonly>true</readonly>
         <executable>true</executable>
         <run_address>0x1dd0</run_address>
         <size>0x44</size>
         <alignment>0x4</alignment>
         <input_file_ref idref="fl-1d"/>
      </object_component>
      <object_component id="oc-e1">
         <name>.text.SYSCFG_DL_SPI_LCD_init</name>
         <load_address>0x1e14</load_address>
         <readonly>true</readonly>
         <executable>true</executable>
         <run_address>0x1e14</run_address>
         <size>0x40</size>
         <alignment>0x4</alignment>
         <input_file_ref idref="fl-2"/>
      </object_component>
      <object_component id="oc-df">
         <name>.text.SYSCFG_DL_UART_0_init</name>
         <load_address>0x1e54</load_address>
         <readonly>true</readonly>
         <executable>true</executable>
         <run_address>0x1e54</run_address>
         <size>0x40</size>
         <alignment>0x4</alignment>
         <input_file_ref idref="fl-2"/>
      </object_component>
      <object_component id="oc-f7">
         <name>.text.LCD_Address_Set</name>
         <load_address>0x1e94</load_address>
         <readonly>true</readonly>
         <executable>true</executable>
         <run_address>0x1e94</run_address>
         <size>0x3e</size>
         <alignment>0x2</alignment>
         <input_file_ref idref="fl-7"/>
      </object_component>
      <object_component id="oc-154">
         <name>.text.DL_Timer_setCounterControl</name>
         <load_address>0x1ed4</load_address>
         <readonly>true</readonly>
         <executable>true</executable>
         <run_address>0x1ed4</run_address>
         <size>0x3c</size>
         <alignment>0x4</alignment>
         <input_file_ref idref="fl-2"/>
      </object_component>
      <object_component id="oc-de">
         <name>.text.SYSCFG_DL_TIMER_1_init</name>
         <load_address>0x1f10</load_address>
         <readonly>true</readonly>
         <executable>true</executable>
         <run_address>0x1f10</run_address>
         <size>0x3c</size>
         <alignment>0x4</alignment>
         <input_file_ref idref="fl-2"/>
      </object_component>
      <object_component id="oc-1c0">
         <name>.text.__gtsf2</name>
         <load_address>0x1f4c</load_address>
         <readonly>true</readonly>
         <executable>true</executable>
         <run_address>0x1f4c</run_address>
         <size>0x3c</size>
         <alignment>0x4</alignment>
         <input_file_ref idref="fl-11b"/>
      </object_component>
      <object_component id="oc-bf">
         <name>.text:__TI_auto_init_nobinit_nopinit</name>
         <load_address>0x1f88</load_address>
         <readonly>true</readonly>
         <executable>true</executable>
         <run_address>0x1f88</run_address>
         <size>0x3c</size>
         <alignment>0x4</alignment>
         <input_file_ref idref="fl-40"/>
      </object_component>
      <object_component id="oc-1bb">
         <name>.text.__eqsf2</name>
         <load_address>0x1fc4</load_address>
         <readonly>true</readonly>
         <executable>true</executable>
         <run_address>0x1fc4</run_address>
         <size>0x3a</size>
         <alignment>0x4</alignment>
         <input_file_ref idref="fl-11b"/>
      </object_component>
      <object_component id="oc-1c2">
         <name>.text.__muldsi3</name>
         <load_address>0x2000</load_address>
         <readonly>true</readonly>
         <executable>true</executable>
         <run_address>0x2000</run_address>
         <size>0x3a</size>
         <alignment>0x4</alignment>
         <input_file_ref idref="fl-10a"/>
      </object_component>
      <object_component id="oc-115">
         <name>.text.__fixsfsi</name>
         <load_address>0x203c</load_address>
         <readonly>true</readonly>
         <executable>true</executable>
         <run_address>0x203c</run_address>
         <size>0x38</size>
         <alignment>0x4</alignment>
         <input_file_ref idref="fl-10e"/>
      </object_component>
      <object_component id="oc-13a">
         <name>.text.DL_GPIO_initDigitalInputFeatures</name>
         <load_address>0x2074</load_address>
         <readonly>true</readonly>
         <executable>true</executable>
         <run_address>0x2074</run_address>
         <size>0x34</size>
         <alignment>0x4</alignment>
         <input_file_ref idref="fl-2"/>
      </object_component>
      <object_component id="oc-10a">
         <name>.text.Emm_V5_Synchronous_motion</name>
         <load_address>0x20a8</load_address>
         <readonly>true</readonly>
         <executable>true</executable>
         <run_address>0x20a8</run_address>
         <size>0x34</size>
         <alignment>0x4</alignment>
         <input_file_ref idref="fl-5"/>
      </object_component>
      <object_component id="oc-139">
         <name>.text.DL_GPIO_initDigitalOutputFeatures</name>
         <load_address>0x20dc</load_address>
         <readonly>true</readonly>
         <executable>true</executable>
         <run_address>0x20dc</run_address>
         <size>0x30</size>
         <alignment>0x4</alignment>
         <input_file_ref idref="fl-2"/>
      </object_component>
      <object_component id="oc-17c">
         <name>.text.DL_SPI_setFIFOThreshold</name>
         <load_address>0x210c</load_address>
         <readonly>true</readonly>
         <executable>true</executable>
         <run_address>0x210c</run_address>
         <size>0x30</size>
         <alignment>0x4</alignment>
         <input_file_ref idref="fl-2"/>
      </object_component>
      <object_component id="oc-f3">
         <name>.text.LCD_WR_REG</name>
         <load_address>0x213c</load_address>
         <readonly>true</readonly>
         <executable>true</executable>
         <run_address>0x213c</run_address>
         <size>0x30</size>
         <alignment>0x4</alignment>
         <input_file_ref idref="fl-7"/>
      </object_component>
      <object_component id="oc-186">
         <name>.text.LCD_Writ_Bus</name>
         <load_address>0x216c</load_address>
         <readonly>true</readonly>
         <executable>true</executable>
         <run_address>0x216c</run_address>
         <size>0x30</size>
         <alignment>0x4</alignment>
         <input_file_ref idref="fl-7"/>
      </object_component>
      <object_component id="oc-1b2">
         <name>.text.spi_write_bus</name>
         <load_address>0x219c</load_address>
         <readonly>true</readonly>
         <executable>true</executable>
         <run_address>0x219c</run_address>
         <size>0x30</size>
         <alignment>0x4</alignment>
         <input_file_ref idref="fl-8"/>
      </object_component>
      <object_component id="oc-9a">
         <name>.text.__NVIC_ClearPendingIRQ</name>
         <load_address>0x21cc</load_address>
         <readonly>true</readonly>
         <executable>true</executable>
         <run_address>0x21cc</run_address>
         <size>0x2c</size>
         <alignment>0x4</alignment>
         <input_file_ref idref="fl-1"/>
      </object_component>
      <object_component id="oc-5e">
         <name>.text.__NVIC_ClearPendingIRQ</name>
         <load_address>0x21f8</load_address>
         <readonly>true</readonly>
         <executable>true</executable>
         <run_address>0x21f8</run_address>
         <size>0x2c</size>
         <alignment>0x4</alignment>
         <input_file_ref idref="fl-a"/>
      </object_component>
      <object_component id="oc-9b">
         <name>.text.__NVIC_EnableIRQ</name>
         <load_address>0x2224</load_address>
         <readonly>true</readonly>
         <executable>true</executable>
         <run_address>0x2224</run_address>
         <size>0x2c</size>
         <alignment>0x4</alignment>
         <input_file_ref idref="fl-1"/>
      </object_component>
      <object_component id="oc-1a9">
         <name>.text.DL_Common_updateReg</name>
         <load_address>0x2250</load_address>
         <readonly>true</readonly>
         <executable>true</executable>
         <run_address>0x2250</run_address>
         <size>0x28</size>
         <alignment>0x2</alignment>
         <input_file_ref idref="fl-2"/>
      </object_component>
      <object_component id="oc-180">
         <name>.text.DL_SYSTICK_init</name>
         <load_address>0x2278</load_address>
         <readonly>true</readonly>
         <executable>true</executable>
         <run_address>0x2278</run_address>
         <size>0x28</size>
         <alignment>0x4</alignment>
         <input_file_ref idref="fl-2"/>
      </object_component>
      <object_component id="oc-110">
         <name>.text.__floatunsisf</name>
         <load_address>0x22a0</load_address>
         <readonly>true</readonly>
         <executable>true</executable>
         <run_address>0x22a0</run_address>
         <size>0x28</size>
         <alignment>0x4</alignment>
         <input_file_ref idref="fl-112"/>
      </object_component>
      <object_component id="oc-55">
         <name>.text:_c_int00_noargs</name>
         <load_address>0x22c8</load_address>
         <readonly>true</readonly>
         <executable>true</executable>
         <run_address>0x22c8</run_address>
         <size>0x28</size>
         <alignment>0x4</alignment>
         <input_file_ref idref="fl-3e"/>
      </object_component>
      <object_component id="oc-17b">
         <name>.text.DL_SPI_setBitRateSerialClockDivider</name>
         <load_address>0x22f0</load_address>
         <readonly>true</readonly>
         <executable>true</executable>
         <run_address>0x22f0</run_address>
         <size>0x24</size>
         <alignment>0x4</alignment>
         <input_file_ref idref="fl-2"/>
      </object_component>
      <object_component id="oc-138">
         <name>.text.DL_GPIO_initPeripheralInputFunction</name>
         <load_address>0x2314</load_address>
         <readonly>true</readonly>
         <executable>true</executable>
         <run_address>0x2314</run_address>
         <size>0x20</size>
         <alignment>0x4</alignment>
         <input_file_ref idref="fl-2"/>
      </object_component>
      <object_component id="oc-13f">
         <name>.text.DL_SYSCTL_setFlashWaitState</name>
         <load_address>0x2334</load_address>
         <readonly>true</readonly>
         <executable>true</executable>
         <run_address>0x2334</run_address>
         <size>0x20</size>
         <alignment>0x4</alignment>
         <input_file_ref idref="fl-2"/>
      </object_component>
      <object_component id="oc-16c">
         <name>.text.DL_UART_setOversampling</name>
         <load_address>0x2354</load_address>
         <readonly>true</readonly>
         <executable>true</executable>
         <run_address>0x2354</run_address>
         <size>0x1e</size>
         <alignment>0x2</alignment>
         <input_file_ref idref="fl-2"/>
      </object_component>
      <object_component id="oc-136">
         <name>.text.DL_GPIO_initPeripheralOutputFunction</name>
         <load_address>0x2374</load_address>
         <readonly>true</readonly>
         <executable>true</executable>
         <run_address>0x2374</run_address>
         <size>0x1c</size>
         <alignment>0x4</alignment>
         <input_file_ref idref="fl-2"/>
      </object_component>
      <object_component id="oc-140">
         <name>.text.DL_SYSCTL_setSYSOSCFreq</name>
         <load_address>0x2390</load_address>
         <readonly>true</readonly>
         <executable>true</executable>
         <run_address>0x2390</run_address>
         <size>0x1c</size>
         <alignment>0x4</alignment>
         <input_file_ref idref="fl-2"/>
      </object_component>
      <object_component id="oc-14a">
         <name>.text.DL_SYSCTL_setULPCLKDivider</name>
         <load_address>0x23ac</load_address>
         <readonly>true</readonly>
         <executable>true</executable>
         <run_address>0x23ac</run_address>
         <size>0x1c</size>
         <alignment>0x4</alignment>
         <input_file_ref idref="fl-2"/>
      </object_component>
      <object_component id="oc-161">
         <name>.text.DL_Timer_enableInterrupt</name>
         <load_address>0x23c8</load_address>
         <readonly>true</readonly>
         <executable>true</executable>
         <run_address>0x23c8</run_address>
         <size>0x1c</size>
         <alignment>0x4</alignment>
         <input_file_ref idref="fl-2"/>
      </object_component>
      <object_component id="oc-156">
         <name>.text.DL_Timer_setCaptCompUpdateMethod</name>
         <load_address>0x23e4</load_address>
         <readonly>true</readonly>
         <executable>true</executable>
         <run_address>0x23e4</run_address>
         <size>0x1c</size>
         <alignment>0x4</alignment>
         <input_file_ref idref="fl-1b"/>
      </object_component>
      <object_component id="oc-14d">
         <name>.text.DL_Timer_setClockConfig</name>
         <load_address>0x2400</load_address>
         <readonly>true</readonly>
         <executable>true</executable>
         <run_address>0x2400</run_address>
         <size>0x1c</size>
         <alignment>0x4</alignment>
         <input_file_ref idref="fl-1b"/>
      </object_component>
      <object_component id="oc-171">
         <name>.text.DL_UART_enableInterrupt</name>
         <load_address>0x241c</load_address>
         <readonly>true</readonly>
         <executable>true</executable>
         <run_address>0x241c</run_address>
         <size>0x1c</size>
         <alignment>0x4</alignment>
         <input_file_ref idref="fl-2"/>
      </object_component>
      <object_component id="oc-f8">
         <name>.text.LCD_WR_DATA</name>
         <load_address>0x2438</load_address>
         <readonly>true</readonly>
         <executable>true</executable>
         <run_address>0x2438</run_address>
         <size>0x1c</size>
         <alignment>0x2</alignment>
         <input_file_ref idref="fl-7"/>
      </object_component>
      <object_component id="oc-e3">
         <name>.text.SYSCFG_DL_SYSCTL_CLK_init</name>
         <load_address>0x2454</load_address>
         <readonly>true</readonly>
         <executable>true</executable>
         <run_address>0x2454</run_address>
         <size>0x1c</size>
         <alignment>0x4</alignment>
         <input_file_ref idref="fl-2"/>
      </object_component>
      <object_component id="oc-137">
         <name>.text.DL_GPIO_enableOutput</name>
         <load_address>0x2470</load_address>
         <readonly>true</readonly>
         <executable>true</executable>
         <run_address>0x2470</run_address>
         <size>0x18</size>
         <alignment>0x4</alignment>
         <input_file_ref idref="fl-2"/>
      </object_component>
      <object_component id="oc-131">
         <name>.text.DL_GPIO_enablePower</name>
         <load_address>0x2488</load_address>
         <readonly>true</readonly>
         <executable>true</executable>
         <run_address>0x2488</run_address>
         <size>0x18</size>
         <alignment>0x4</alignment>
         <input_file_ref idref="fl-2"/>
      </object_component>
      <object_component id="oc-13b">
         <name>.text.DL_GPIO_initDigitalOutput</name>
         <load_address>0x24a0</load_address>
         <readonly>true</readonly>
         <executable>true</executable>
         <run_address>0x24a0</run_address>
         <size>0x18</size>
         <alignment>0x4</alignment>
         <input_file_ref idref="fl-2"/>
      </object_component>
      <object_component id="oc-135">
         <name>.text.DL_GPIO_initPeripheralAnalogFunction</name>
         <load_address>0x24b8</load_address>
         <readonly>true</readonly>
         <executable>true</executable>
         <run_address>0x24b8</run_address>
         <size>0x18</size>
         <alignment>0x4</alignment>
         <input_file_ref idref="fl-2"/>
      </object_component>
      <object_component id="oc-12d">
         <name>.text.DL_GPIO_reset</name>
         <load_address>0x24d0</load_address>
         <readonly>true</readonly>
         <executable>true</executable>
         <run_address>0x24d0</run_address>
         <size>0x18</size>
         <alignment>0x4</alignment>
         <input_file_ref idref="fl-2"/>
      </object_component>
      <object_component id="oc-10b">
         <name>.text.DL_GPIO_setPins</name>
         <load_address>0x24e8</load_address>
         <readonly>true</readonly>
         <executable>true</executable>
         <run_address>0x24e8</run_address>
         <size>0x18</size>
         <alignment>0x4</alignment>
         <input_file_ref idref="fl-4"/>
      </object_component>
      <object_component id="oc-af">
         <name>.text.DL_GPIO_setPins</name>
         <load_address>0x2500</load_address>
         <readonly>true</readonly>
         <executable>true</executable>
         <run_address>0x2500</run_address>
         <size>0x18</size>
         <alignment>0x4</alignment>
         <input_file_ref idref="fl-1"/>
      </object_component>
      <object_component id="oc-f2">
         <name>.text.DL_GPIO_setPins</name>
         <load_address>0x2518</load_address>
         <readonly>true</readonly>
         <executable>true</executable>
         <run_address>0x2518</run_address>
         <size>0x18</size>
         <alignment>0x4</alignment>
         <input_file_ref idref="fl-7"/>
      </object_component>
      <object_component id="oc-187">
         <name>.text.DL_GPIO_setPins</name>
         <load_address>0x2530</load_address>
         <readonly>true</readonly>
         <executable>true</executable>
         <run_address>0x2530</run_address>
         <size>0x18</size>
         <alignment>0x4</alignment>
         <input_file_ref idref="fl-9"/>
      </object_component>
      <object_component id="oc-13d">
         <name>.text.DL_GPIO_setPins</name>
         <load_address>0x2548</load_address>
         <readonly>true</readonly>
         <executable>true</executable>
         <run_address>0x2548</run_address>
         <size>0x18</size>
         <alignment>0x4</alignment>
         <input_file_ref idref="fl-2"/>
      </object_component>
      <object_component id="oc-17d">
         <name>.text.DL_SPI_enable</name>
         <load_address>0x2560</load_address>
         <readonly>true</readonly>
         <executable>true</executable>
         <run_address>0x2560</run_address>
         <size>0x18</size>
         <alignment>0x4</alignment>
         <input_file_ref idref="fl-2"/>
      </object_component>
      <object_component id="oc-134">
         <name>.text.DL_SPI_enablePower</name>
         <load_address>0x2578</load_address>
         <readonly>true</readonly>
         <executable>true</executable>
         <run_address>0x2578</run_address>
         <size>0x18</size>
         <alignment>0x4</alignment>
         <input_file_ref idref="fl-2"/>
      </object_component>
      <object_component id="oc-1c8">
         <name>.text.DL_SPI_isBusy</name>
         <load_address>0x2590</load_address>
         <readonly>true</readonly>
         <executable>true</executable>
         <run_address>0x2590</run_address>
         <size>0x18</size>
         <alignment>0x4</alignment>
         <input_file_ref idref="fl-8"/>
      </object_component>
      <object_component id="oc-130">
         <name>.text.DL_SPI_reset</name>
         <load_address>0x25a8</load_address>
         <readonly>true</readonly>
         <executable>true</executable>
         <run_address>0x25a8</run_address>
         <size>0x18</size>
         <alignment>0x4</alignment>
         <input_file_ref idref="fl-2"/>
      </object_component>
      <object_component id="oc-13e">
         <name>.text.DL_SYSCTL_setBORThreshold</name>
         <load_address>0x25c0</load_address>
         <readonly>true</readonly>
         <executable>true</executable>
         <run_address>0x25c0</run_address>
         <size>0x18</size>
         <alignment>0x4</alignment>
         <input_file_ref idref="fl-2"/>
      </object_component>
      <object_component id="oc-132">
         <name>.text.DL_Timer_enablePower</name>
         <load_address>0x25d8</load_address>
         <readonly>true</readonly>
         <executable>true</executable>
         <run_address>0x25d8</run_address>
         <size>0x18</size>
         <alignment>0x4</alignment>
         <input_file_ref idref="fl-2"/>
      </object_component>
      <object_component id="oc-12e">
         <name>.text.DL_Timer_reset</name>
         <load_address>0x25f0</load_address>
         <readonly>true</readonly>
         <executable>true</executable>
         <run_address>0x25f0</run_address>
         <size>0x18</size>
         <alignment>0x4</alignment>
         <input_file_ref idref="fl-2"/>
      </object_component>
      <object_component id="oc-155">
         <name>.text.DL_Timer_setCaptureCompareOutCtl</name>
         <load_address>0x2608</load_address>
         <readonly>true</readonly>
         <executable>true</executable>
         <run_address>0x2608</run_address>
         <size>0x18</size>
         <alignment>0x4</alignment>
         <input_file_ref idref="fl-1b"/>
      </object_component>
      <object_component id="oc-133">
         <name>.text.DL_UART_enablePower</name>
         <load_address>0x2620</load_address>
         <readonly>true</readonly>
         <executable>true</executable>
         <run_address>0x2620</run_address>
         <size>0x18</size>
         <alignment>0x4</alignment>
         <input_file_ref idref="fl-2"/>
      </object_component>
      <object_component id="oc-1b8">
         <name>.text.DL_UART_isBusy</name>
         <load_address>0x2638</load_address>
         <readonly>true</readonly>
         <executable>true</executable>
         <run_address>0x2638</run_address>
         <size>0x18</size>
         <alignment>0x4</alignment>
         <input_file_ref idref="fl-b"/>
      </object_component>
      <object_component id="oc-12f">
         <name>.text.DL_UART_reset</name>
         <load_address>0x2650</load_address>
         <readonly>true</readonly>
         <executable>true</executable>
         <run_address>0x2650</run_address>
         <size>0x18</size>
         <alignment>0x4</alignment>
         <input_file_ref idref="fl-2"/>
      </object_component>
      <object_component id="oc-9c">
         <name>.text.delay_ms</name>
         <load_address>0x2668</load_address>
         <readonly>true</readonly>
         <executable>true</executable>
         <run_address>0x2668</run_address>
         <size>0x18</size>
         <alignment>0x4</alignment>
         <input_file_ref idref="fl-b"/>
      </object_component>
      <object_component id="oc-ae">
         <name>.text.DL_GPIO_readPins</name>
         <load_address>0x2680</load_address>
         <readonly>true</readonly>
         <executable>true</executable>
         <run_address>0x2680</run_address>
         <size>0x16</size>
         <alignment>0x2</alignment>
         <input_file_ref idref="fl-1"/>
      </object_component>
      <object_component id="oc-1cb">
         <name>.text.DL_GPIO_readPins</name>
         <load_address>0x2696</load_address>
         <readonly>true</readonly>
         <executable>true</executable>
         <run_address>0x2696</run_address>
         <size>0x16</size>
         <alignment>0x2</alignment>
         <input_file_ref idref="fl-9"/>
      </object_component>
      <object_component id="oc-1c7">
         <name>.text.DL_SPI_transmitData8</name>
         <load_address>0x26ac</load_address>
         <readonly>true</readonly>
         <executable>true</executable>
         <run_address>0x26ac</run_address>
         <size>0x16</size>
         <alignment>0x2</alignment>
         <input_file_ref idref="fl-8"/>
      </object_component>
      <object_component id="oc-16e">
         <name>.text.DL_UART_enable</name>
         <load_address>0x26c2</load_address>
         <readonly>true</readonly>
         <executable>true</executable>
         <run_address>0x26c2</run_address>
         <size>0x16</size>
         <alignment>0x2</alignment>
         <input_file_ref idref="fl-2"/>
      </object_component>
      <object_component id="oc-1b9">
         <name>.text.DL_UART_transmitData</name>
         <load_address>0x26d8</load_address>
         <readonly>true</readonly>
         <executable>true</executable>
         <run_address>0x26d8</run_address>
         <size>0x16</size>
         <alignment>0x2</alignment>
         <input_file_ref idref="fl-b"/>
      </object_component>
      <object_component id="oc-4c">
         <name>.text:decompress:ZI:__TI_zero_init_nomemset</name>
         <load_address>0x26ee</load_address>
         <readonly>true</readonly>
         <executable>true</executable>
         <run_address>0x26ee</run_address>
         <size>0x16</size>
         <alignment>0x2</alignment>
         <input_file_ref idref="fl-43"/>
      </object_component>
      <object_component id="oc-10c">
         <name>.text.DL_GPIO_clearPins</name>
         <load_address>0x2704</load_address>
         <readonly>true</readonly>
         <executable>true</executable>
         <run_address>0x2704</run_address>
         <size>0x14</size>
         <alignment>0x2</alignment>
         <input_file_ref idref="fl-4"/>
      </object_component>
      <object_component id="oc-ac">
         <name>.text.DL_GPIO_clearPins</name>
         <load_address>0x2718</load_address>
         <readonly>true</readonly>
         <executable>true</executable>
         <run_address>0x2718</run_address>
         <size>0x14</size>
         <alignment>0x2</alignment>
         <input_file_ref idref="fl-1"/>
      </object_component>
      <object_component id="oc-f1">
         <name>.text.DL_GPIO_clearPins</name>
         <load_address>0x272c</load_address>
         <readonly>true</readonly>
         <executable>true</executable>
         <run_address>0x272c</run_address>
         <size>0x14</size>
         <alignment>0x2</alignment>
         <input_file_ref idref="fl-7"/>
      </object_component>
      <object_component id="oc-188">
         <name>.text.DL_GPIO_clearPins</name>
         <load_address>0x2740</load_address>
         <readonly>true</readonly>
         <executable>true</executable>
         <run_address>0x2740</run_address>
         <size>0x14</size>
         <alignment>0x2</alignment>
         <input_file_ref idref="fl-9"/>
      </object_component>
      <object_component id="oc-13c">
         <name>.text.DL_GPIO_clearPins</name>
         <load_address>0x2754</load_address>
         <readonly>true</readonly>
         <executable>true</executable>
         <run_address>0x2754</run_address>
         <size>0x14</size>
         <alignment>0x2</alignment>
         <input_file_ref idref="fl-2"/>
      </object_component>
      <object_component id="oc-142">
         <name>.text.DL_SYSCTL_disableSYSPLL</name>
         <load_address>0x2768</load_address>
         <readonly>true</readonly>
         <executable>true</executable>
         <run_address>0x2768</run_address>
         <size>0x14</size>
         <alignment>0x4</alignment>
         <input_file_ref idref="fl-2"/>
      </object_component>
      <object_component id="oc-158">
         <name>.text.DL_Timer_enableClock</name>
         <load_address>0x277c</load_address>
         <readonly>true</readonly>
         <executable>true</executable>
         <run_address>0x277c</run_address>
         <size>0x14</size>
         <alignment>0x4</alignment>
         <input_file_ref idref="fl-2"/>
      </object_component>
      <object_component id="oc-159">
         <name>.text.DL_Timer_setCCPDirection</name>
         <load_address>0x2790</load_address>
         <readonly>true</readonly>
         <executable>true</executable>
         <run_address>0x2790</run_address>
         <size>0x14</size>
         <alignment>0x2</alignment>
         <input_file_ref idref="fl-2"/>
      </object_component>
      <object_component id="oc-5d">
         <name>.text.DL_UART_receiveData</name>
         <load_address>0x27a4</load_address>
         <readonly>true</readonly>
         <executable>true</executable>
         <run_address>0x27a4</run_address>
         <size>0x14</size>
         <alignment>0x4</alignment>
         <input_file_ref idref="fl-a"/>
      </object_component>
      <object_component id="oc-f4">
         <name>.text.LCD_WR_DATA8</name>
         <load_address>0x27b8</load_address>
         <readonly>true</readonly>
         <executable>true</executable>
         <run_address>0x27b8</run_address>
         <size>0x14</size>
         <alignment>0x2</alignment>
         <input_file_ref idref="fl-7"/>
      </object_component>
      <object_component id="oc-e2">
         <name>.text.SYSCFG_DL_SYSTICK_init</name>
         <load_address>0x27cc</load_address>
         <readonly>true</readonly>
         <executable>true</executable>
         <run_address>0x27cc</run_address>
         <size>0x14</size>
         <alignment>0x4</alignment>
         <input_file_ref idref="fl-2"/>
      </object_component>
      <object_component id="oc-174">
         <name>.text.DL_SPI_setClockConfig</name>
         <load_address>0x27e0</load_address>
         <readonly>true</readonly>
         <executable>true</executable>
         <run_address>0x27e0</run_address>
         <size>0x12</size>
         <alignment>0x2</alignment>
         <input_file_ref idref="fl-1a"/>
      </object_component>
      <object_component id="oc-6a">
         <name>.text.DL_Timer_getPendingInterrupt</name>
         <load_address>0x27f2</load_address>
         <readonly>true</readonly>
         <executable>true</executable>
         <run_address>0x27f2</run_address>
         <size>0x12</size>
         <alignment>0x2</alignment>
         <input_file_ref idref="fl-a"/>
      </object_component>
      <object_component id="oc-5c">
         <name>.text.DL_UART_getPendingInterrupt</name>
         <load_address>0x2804</load_address>
         <readonly>true</readonly>
         <executable>true</executable>
         <run_address>0x2804</run_address>
         <size>0x12</size>
         <alignment>0x2</alignment>
         <input_file_ref idref="fl-a"/>
      </object_component>
      <object_component id="oc-165">
         <name>.text.DL_UART_setClockConfig</name>
         <load_address>0x2816</load_address>
         <readonly>true</readonly>
         <executable>true</executable>
         <run_address>0x2816</run_address>
         <size>0x12</size>
         <alignment>0x2</alignment>
         <input_file_ref idref="fl-1c"/>
      </object_component>
      <object_component id="oc-8b">
         <name>.text:TI_memcpy_small</name>
         <load_address>0x2828</load_address>
         <readonly>true</readonly>
         <executable>true</executable>
         <run_address>0x2828</run_address>
         <size>0x12</size>
         <alignment>0x1</alignment>
         <input_file_ref idref="fl-121"/>
      </object_component>
      <object_component id="oc-20">
         <name>.text:decompress:none</name>
         <load_address>0x283a</load_address>
         <readonly>true</readonly>
         <executable>true</executable>
         <run_address>0x283a</run_address>
         <size>0x12</size>
         <alignment>0x2</alignment>
         <input_file_ref idref="fl-44"/>
      </object_component>
      <object_component id="oc-141">
         <name>.text.DL_SYSCTL_disableHFXT</name>
         <load_address>0x284c</load_address>
         <readonly>true</readonly>
         <executable>true</executable>
         <run_address>0x284c</run_address>
         <size>0x10</size>
         <alignment>0x4</alignment>
         <input_file_ref idref="fl-2"/>
      </object_component>
      <object_component id="oc-181">
         <name>.text.DL_SYSTICK_enable</name>
         <load_address>0x285c</load_address>
         <readonly>true</readonly>
         <executable>true</executable>
         <run_address>0x285c</run_address>
         <size>0x10</size>
         <alignment>0x4</alignment>
         <input_file_ref idref="fl-2"/>
      </object_component>
      <object_component id="oc-157">
         <name>.text.DL_Timer_setCaptureCompareValue</name>
         <load_address>0x286c</load_address>
         <readonly>true</readonly>
         <executable>true</executable>
         <run_address>0x286c</run_address>
         <size>0x10</size>
         <alignment>0x4</alignment>
         <input_file_ref idref="fl-1b"/>
      </object_component>
      <object_component id="oc-d2">
         <name>.text:TI_memset_small</name>
         <load_address>0x287c</load_address>
         <readonly>true</readonly>
         <executable>true</executable>
         <run_address>0x287c</run_address>
         <size>0xe</size>
         <alignment>0x1</alignment>
         <input_file_ref idref="fl-122"/>
      </object_component>
      <object_component id="oc-182">
         <name>.text.DL_SYSCTL_getClockStatus</name>
         <load_address>0x288c</load_address>
         <readonly>true</readonly>
         <executable>true</executable>
         <run_address>0x288c</run_address>
         <size>0xc</size>
         <alignment>0x4</alignment>
         <input_file_ref idref="fl-2"/>
      </object_component>
      <object_component id="oc-72">
         <name>.text.__aeabi_memclr</name>
         <load_address>0x2898</load_address>
         <readonly>true</readonly>
         <executable>true</executable>
         <run_address>0x2898</run_address>
         <size>0xc</size>
         <alignment>0x4</alignment>
         <input_file_ref idref="fl-118"/>
      </object_component>
      <object_component id="oc-e9">
         <name>.text.DL_Common_delayCycles</name>
         <load_address>0x28a4</load_address>
         <readonly>true</readonly>
         <executable>true</executable>
         <run_address>0x28a4</run_address>
         <size>0xa</size>
         <alignment>0x2</alignment>
         <input_file_ref idref="fl-19"/>
      </object_component>
      <object_component id="oc-45">
         <name>.text.__aeabi_memcpy</name>
         <load_address>0x28b0</load_address>
         <readonly>true</readonly>
         <executable>true</executable>
         <run_address>0x28b0</run_address>
         <size>0x8</size>
         <alignment>0x4</alignment>
         <input_file_ref idref="fl-117"/>
      </object_component>
      <object_component id="oc-b8">
         <name>.text:abort</name>
         <load_address>0x28b8</load_address>
         <readonly>true</readonly>
         <executable>true</executable>
         <run_address>0x28b8</run_address>
         <size>0x6</size>
         <alignment>0x2</alignment>
         <input_file_ref idref="fl-4e"/>
      </object_component>
      <object_component id="oc-33">
         <name>.text.Default_Handler</name>
         <load_address>0x28be</load_address>
         <readonly>true</readonly>
         <executable>true</executable>
         <run_address>0x28be</run_address>
         <size>0x4</size>
         <alignment>0x2</alignment>
         <input_file_ref idref="fl-3"/>
      </object_component>
      <object_component id="oc-11c">
         <name>.text.HOSTexit</name>
         <load_address>0x28c2</load_address>
         <readonly>true</readonly>
         <executable>true</executable>
         <run_address>0x28c2</run_address>
         <size>0x4</size>
         <alignment>0x2</alignment>
         <input_file_ref idref="fl-f7"/>
      </object_component>
      <object_component id="oc-2f">
         <name>.text.Reset_Handler</name>
         <load_address>0x28c6</load_address>
         <readonly>true</readonly>
         <executable>true</executable>
         <run_address>0x28c6</run_address>
         <size>0x4</size>
         <alignment>0x2</alignment>
         <input_file_ref idref="fl-3"/>
      </object_component>
      <object_component id="oc-77">
         <name>.text._system_pre_init</name>
         <load_address>0x28ca</load_address>
         <readonly>true</readonly>
         <executable>true</executable>
         <run_address>0x28ca</run_address>
         <size>0x4</size>
         <alignment>0x2</alignment>
         <input_file_ref idref="fl-41"/>
      </object_component>
      <object_component id="oc-20d">
         <name>__TI_handler_table</name>
         <load_address>0x2958</load_address>
         <readonly>true</readonly>
         <run_address>0x2958</run_address>
         <size>0xc</size>
         <alignment>0x4</alignment>
      </object_component>
      <object_component id="oc-210">
         <name>.cinit..bss.load</name>
         <load_address>0x2964</load_address>
         <readonly>true</readonly>
         <run_address>0x2964</run_address>
         <size>0x8</size>
         <alignment>0x4</alignment>
      </object_component>
      <object_component id="oc-20f">
         <name>.cinit..data.load</name>
         <load_address>0x296c</load_address>
         <readonly>true</readonly>
         <run_address>0x296c</run_address>
         <size>0x8</size>
         <alignment>0x1</alignment>
      </object_component>
      <object_component id="oc-20e">
         <name>__TI_cinit_table</name>
         <load_address>0x2974</load_address>
         <readonly>true</readonly>
         <run_address>0x2974</run_address>
         <size>0x10</size>
         <alignment>0x4</alignment>
      </object_component>
      <object_component id="oc-14c">
         <name>.rodata.gSYSPLLConfig</name>
         <load_address>0x28d0</load_address>
         <readonly>true</readonly>
         <run_address>0x28d0</run_address>
         <size>0x28</size>
         <alignment>0x4</alignment>
         <input_file_ref idref="fl-2"/>
      </object_component>
      <object_component id="oc-164">
         <name>.rodata.gTIMER_1TimerConfig</name>
         <load_address>0x28f8</load_address>
         <readonly>true</readonly>
         <run_address>0x28f8</run_address>
         <size>0x14</size>
         <alignment>0x4</alignment>
         <input_file_ref idref="fl-2"/>
      </object_component>
      <object_component id="oc-17f">
         <name>.rodata.gSPI_LCD_config</name>
         <load_address>0x290c</load_address>
         <readonly>true</readonly>
         <run_address>0x290c</run_address>
         <size>0xa</size>
         <alignment>0x2</alignment>
         <input_file_ref idref="fl-2"/>
      </object_component>
      <object_component id="oc-170">
         <name>.rodata.gUART_0Config</name>
         <load_address>0x2916</load_address>
         <readonly>true</readonly>
         <run_address>0x2916</run_address>
         <size>0xa</size>
         <alignment>0x2</alignment>
         <input_file_ref idref="fl-2"/>
      </object_component>
      <object_component id="oc-173">
         <name>.rodata.gUART_1Config</name>
         <load_address>0x2920</load_address>
         <readonly>true</readonly>
         <run_address>0x2920</run_address>
         <size>0xa</size>
         <alignment>0x2</alignment>
         <input_file_ref idref="fl-2"/>
      </object_component>
      <object_component id="oc-17e">
         <name>.rodata.gSPI_LCD_clockConfig</name>
         <load_address>0x292a</load_address>
         <readonly>true</readonly>
         <run_address>0x292a</run_address>
         <size>0x2</size>
         <alignment>0x1</alignment>
         <input_file_ref idref="fl-2"/>
      </object_component>
[...]
      </symbol>
      <symbol id="sm-154">
         <name>SYSCFG_DL_TIMER_1_init</name>
         <value>0x1f11</value>
         <object_component_ref idref="oc-de"/>
      </symbol>
      <symbol id="sm-155">
         <name>SYSCFG_DL_UART_0_init</name>
         <value>0x1e55</value>
         <object_component_ref idref="oc-df"/>
      </symbol>
      <symbol id="sm-156">
         <name>SYSCFG_DL_UART_1_init</name>
         <value>0x1b65</value>
         <object_component_ref idref="oc-e0"/>
      </symbol>
      <symbol id="sm-157">
         <name>SYSCFG_DL_SPI_LCD_init</name>
         <value>0x1e15</value>
         <object_component_ref idref="oc-e1"/>
      </symbol>
      <symbol id="sm-158">
         <name>SYSCFG_DL_SYSTICK_init</name>
         <value>0x27cd</value>
         <object_component_ref idref="oc-e2"/>
      </symbol>
      <symbol id="sm-159">
         <name>SYSCFG_DL_SYSCTL_CLK_init</name>
         <value>0x2455</value>
         <object_component_ref idref="oc-e3"/>
      </symbol>
      <symbol id="sm-15a">
         <name>gPWM_0Backup</name>
         <value>0x20200000</value>
      </symbol>
      <symbol id="sm-15b">
         <name>gTIMER_1Backup</name>
         <value>0x202000bc</value>
      </symbol>
      <symbol id="sm-15c">
         <name>gSPI_LCDBackup</name>
         <value>0x202001d0</value>
      </symbol>
      <symbol id="sm-167">
         <name>Default_Handler</name>
         <value>0x28bf</value>
         <object_component_ref idref="oc-33"/>
      </symbol>
      <symbol id="sm-168">
         <name>Reset_Handler</name>
         <value>0x28c7</value>
         <object_component_ref idref="oc-2f"/>
      </symbol>
      <symbol id="sm-169">
         <name>interruptVectors</name>
         <value>0x0</value>
         <object_component_ref idref="oc-18"/>
      </symbol>
      <symbol id="sm-16a">
         <name>NMI_Handler</name>
         <value>0x28bf</value>
         <object_component_ref idref="oc-33"/>
      </symbol>
      <symbol id="sm-16b">
         <name>HardFault_Handler</name>
         <value>0x28bf</value>
         <object_component_ref idref="oc-33"/>
      </symbol>
      <symbol id="sm-16c">
         <name>SVC_Handler</name>
         <value>0x28bf</value>
         <object_component_ref idref="oc-33"/>
      </symbol>
      <symbol id="sm-16d">
         <name>PendSV_Handler</name>
         <value>0x28bf</value>
         <object_component_ref idref="oc-33"/>
      </symbol>
      <symbol id="sm-16e">
         <name>SysTick_Handler</name>
         <value>0x28bf</value>
         <object_component_ref idref="oc-33"/>
      </symbol>
      <symbol id="sm-16f">
         <name>GROUP0_IRQHandler</name>
         <value>0x28bf</value>
         <object_component_ref idref="oc-33"/>
      </symbol>
      <symbol id="sm-170">
         <name>GROUP1_IRQHandler</name>
         <value>0x28bf</value>
         <object_component_ref idref="oc-33"/>
      </symbol>
      <symbol id="sm-171">
         <name>TIMG8_IRQHandler</name>
         <value>0x28bf</value>
         <object_component_ref idref="oc-33"/>
      </symbol>
      <symbol id="sm-172">
         <name>UART3_IRQHandler</name>
         <value>0x28bf</value>
         <object_component_ref idref="oc-33"/>
      </symbol>
      <symbol id="sm-173">
         <name>ADC0_IRQHandler</name>
         <value>0x28bf</value>
         <object_component_ref idref="oc-33"/>
      </symbol>
      <symbol id="sm-174">
         <name>ADC1_IRQHandler</name>
         <value>0x28bf</value>
         <object_component_ref idref="oc-33"/>
      </symbol>
      <symbol id="sm-175">
         <name>CANFD0_IRQHandler</name>
         <value>0x28bf</value>
         <object_component_ref idref="oc-33"/>
      </symbol>
      <symbol id="sm-176">
         <name>DAC0_IRQHandler</name>
         <value>0x28bf</value>
         <object_component_ref idref="oc-33"/>
      </symbol>
      <symbol id="sm-177">
         <name>SPI0_IRQHandler</name>
         <value>0x28bf</value>
         <object_component_ref idref="oc-33"/>
      </symbol>
      <symbol id="sm-178">
         <name>SPI1_IRQHandler</name>
         <value>0x28bf</value>
         <object_component_ref idref="oc-33"/>
      </symbol>
      <symbol id="sm-179">
         <name>UART2_IRQHandler</name>
         <value>0x28bf</value>
         <object_component_ref idref="oc-33"/>
      </symbol>
      <symbol id="sm-17a">
         <name>UART0_IRQHandler</name>
         <value>0x28bf</value>
         <object_component_ref idref="oc-33"/>
      </symbol>
      <symbol id="sm-17b">
         <name>TIMG0_IRQHandler</name>
         <value>0x28bf</value>
         <object_component_ref idref="oc-33"/>
      </symbol>
      <symbol id="sm-17c">
         <name>TIMG6_IRQHandler</name>
         <value>0x28bf</value>
         <object_component_ref idref="oc-33"/>
      </symbol>
      <symbol id="sm-17d">
         <name>TIMA1_IRQHandler</name>
         <value>0x28bf</value>
         <object_component_ref idref="oc-33"/>
      </symbol>
      <symbol id="sm-17e">
         <name>TIMG7_IRQHandler</name>
         <value>0x28bf</value>
         <object_component_ref idref="oc-33"/>
      </symbol>
      <symbol id="sm-17f">
         <name>TIMG12_IRQHandler</name>
         <value>0x28bf</value>
         <object_component_ref idref="oc-33"/>
      </symbol>
      <symbol id="sm-180">
         <name>I2C0_IRQHandler</name>
         <value>0x28bf</value>
         <object_component_ref idref="oc-33"/>
      </symbol>
      <symbol id="sm-181">
         <name>I2C1_IRQHandler</name>
         <value>0x28bf</value>
         <object_component_ref idref="oc-33"/>
      </symbol>
      <symbol id="sm-182">
         <name>AES_IRQHandler</name>
         <value>0x28bf</value>
         <object_component_ref idref="oc-33"/>
      </symbol>
      <symbol id="sm-183">
         <name>RTC_IRQHandler</name>
         <value>0x28bf</value>
         <object_component_ref idref="oc-33"/>
      </symbol>
      <symbol id="sm-184">
         <name>DMA_IRQHandler</name>
         <value>0x28bf</value>
         <object_component_ref idref="oc-33"/>
      </symbol>
      <symbol id="sm-1a0">
         <name>PID_Init1</name>
         <value>0x1cad</value>
         <object_component_ref idref="oc-a1"/>
      </symbol>
      <symbol id="sm-1a1">
         <name>PID_Compute1</name>
         <value>0xfc5</value>
         <object_component_ref idref="oc-114"/>
      </symbol>
      <symbol id="sm-1a2">
         <name>Line_Proc</name>
         <value>0xca9</value>
         <object_component_ref idref="oc-b0"/>
      </symbol>
      <symbol id="sm-1a3">
         <name>diansai_3</name>
         <value>0x1b09</value>
         <object_component_ref idref="oc-b1"/>
      </symbol>
      <symbol id="sm-1a4">
         <name>Line_Proc_pid</name>
         <value>0xc1</value>
         <object_component_ref idref="oc-b2"/>
      </symbol>
      <symbol id="sm-1b7">
         <name>cmd</name>
         <value>0x20200230</value>
         <object_component_ref idref="oc-18d"/>
      </symbol>
      <symbol id="sm-1b8">
         <name>Emm_V5_Vel_Control</name>
         <value>0x19e5</value>
         <object_component_ref idref="oc-10f"/>
      </symbol>
      <symbol id="sm-1b9">
         <name>Emm_V5_Pos_Control_1</name>
         <value>0x14fd</value>
         <object_component_ref idref="oc-109"/>
      </symbol>
      <symbol id="sm-1ba">
         <name>Emm_V5_Pos_Control_2</name>
         <value>0x1589</value>
         <object_component_ref idref="oc-104"/>
      </symbol>
      <symbol id="sm-1bb">
         <name>Emm_V5_Synchronous_motion</name>
         <value>0x20a9</value>
         <object_component_ref idref="oc-10a"/>
      </symbol>
      <symbol id="sm-1db">
         <name>LCD_Writ_Bus</name>
         <value>0x216d</value>
         <object_component_ref idref="oc-186"/>
      </symbol>
      <symbol id="sm-1dc">
         <name>LCD_WR_DATA8</name>
         <value>0x27b9</value>
         <object_component_ref idref="oc-f4"/>
      </symbol>
      <symbol id="sm-1dd">
         <name>LCD_WR_DATA</name>
         <value>0x2439</value>
         <object_component_ref idref="oc-f8"/>
      </symbol>
      <symbol id="sm-1de">
         <name>LCD_WR_REG</name>
         <value>0x213d</value>
         <object_component_ref idref="oc-f3"/>
      </symbol>
      <symbol id="sm-1df">
         <name>LCD_Address_Set</name>
         <value>0x1e95</value>
         <object_component_ref idref="oc-f7"/>
      </symbol>
      <symbol id="sm-1e0">
         <name>lcd_init</name>
         <value>0x7fd</value>
         <object_component_ref idref="oc-a6"/>
      </symbol>
      <symbol id="sm-1e1">
         <name>LCD_Fill</name>
         <value>0x1aab</value>
         <object_component_ref idref="oc-ab"/>
      </symbol>
      <symbol id="sm-1f2">
         <name>spi_write_bus</name>
         <value>0x219d</value>
         <object_component_ref idref="oc-1b2"/>
      </symbol>
      <symbol id="sm-20f">
         <name>Key_Read</name>
         <value>0xb6d</value>
         <object_component_ref idref="oc-f9"/>
      </symbol>
      <symbol id="sm-236">
         <name>TIMA0_IRQHandler</name>
         <value>0x1919</value>
         <object_component_ref idref="oc-39"/>
      </symbol>
      <symbol id="sm-237">
         <name>UART1_IRQHandler</name>
         <value>0x385</value>
         <object_component_ref idref="oc-34"/>
      </symbol>
      <symbol id="sm-24b">
         <name>uart0_send_data</name>
         <value>0x1c0d</value>
         <object_component_ref idref="oc-18c"/>
      </symbol>
      <symbol id="sm-24c">
         <name>delay_ms</name>
         <value>0x2669</value>
         <object_component_ref idref="oc-9c"/>
      </symbol>
      <symbol id="sm-24d">
         <name>__TI_ATRegion0_src_addr</name>
         <value>0x0</value>
      </symbol>
      <symbol id="sm-24e">
         <name>__TI_ATRegion0_trg_addr</name>
         <value>0x0</value>
      </symbol>
      <symbol id="sm-24f">
         <name>__TI_ATRegion0_region_sz</name>
         <value>0x0</value>
      </symbol>
      <symbol id="sm-250">
         <name>__TI_ATRegion1_src_addr</name>
         <value>0x0</value>
      </symbol>
      <symbol id="sm-251">
         <name>__TI_ATRegion1_trg_addr</name>
         <value>0x0</value>
      </symbol>
      <symbol id="sm-252">
         <name>__TI_ATRegion1_region_sz</name>
         <value>0x0</value>
      </symbol>
      <symbol id="sm-253">
         <name>__TI_ATRegion2_src_addr</name>
         <value>0x0</value>
      </symbol>
      <symbol id="sm-254">
         <name>__TI_ATRegion2_trg_addr</name>
         <value>0x0</value>
      </symbol>
      <symbol id="sm-255">
         <name>__TI_ATRegion2_region_sz</name>
         <value>0x0</value>
      </symbol>
      <symbol id="sm-25e">
         <name>DL_Common_delayCycles</name>
         <value>0x28a5</value>
         <object_component_ref idref="oc-e9"/>
      </symbol>
      <symbol id="sm-26b">
         <name>DL_SPI_init</name>
         <value>0x1d8d</value>
         <object_component_ref idref="oc-17a"/>
      </symbol>
      <symbol id="sm-26c">
         <name>DL_SPI_setClockConfig</name>
         <value>0x27e1</value>
         <object_component_ref idref="oc-174"/>
      </symbol>
      <symbol id="sm-288">
         <name>DL_Timer_setClockConfig</name>
         <value>0x2401</value>
         <object_component_ref idref="oc-14d"/>
      </symbol>
      <symbol id="sm-289">
         <name>DL_Timer_initTimerMode</name>
         <value>0xedd</value>
         <object_component_ref idref="oc-160"/>
      </symbol>
      <symbol id="sm-28a">
         <name>DL_Timer_setCaptureCompareValue</name>
         <value>0x286d</value>
         <object_component_ref idref="oc-157"/>
      </symbol>
      <symbol id="sm-28b">
         <name>DL_Timer_setCaptCompUpdateMethod</name>
         <value>0x23e5</value>
         <object_component_ref idref="oc-156"/>
      </symbol>
      <symbol id="sm-28c">
         <name>DL_Timer_setCaptureCompareOutCtl</name>
         <value>0x2609</value>
         <object_component_ref idref="oc-155"/>
      </symbol>
      <symbol id="sm-28d">
         <name>DL_Timer_initFourCCPWMMode</name>
         <value>0xdd9</value>
         <object_component_ref idref="oc-153"/>
      </symbol>
      <symbol id="sm-29a">
         <name>DL_UART_init</name>
         <value>0x1d45</value>
         <object_component_ref idref="oc-16b"/>
      </symbol>
      <symbol id="sm-29b">
         <name>DL_UART_setClockConfig</name>
         <value>0x2817</value>
         <object_component_ref idref="oc-165"/>
      </symbol>
      <symbol id="sm-2ac">
         <name>DL_SYSCTL_configSYSPLL</name>
         <value>0x10ad</value>
         <object_component_ref idref="oc-149"/>
      </symbol>
      <symbol id="sm-2ad">
         <name>DL_SYSCTL_switchMCLKfromSYSOSCtoHSCLK</name>
         <value>0x1dd1</value>
         <object_component_ref idref="oc-14b"/>
      </symbol>
      <symbol id="sm-2ae">
         <name>DL_SYSCTL_setHFCLKSourceHFXTParams</name>
         <value>0x1981</value>
         <object_component_ref idref="oc-143"/>
      </symbol>
      <symbol id="sm-2c3">
         <name>_c_int00_noargs</name>
         <value>0x22c9</value>
         <object_component_ref idref="oc-55"/>
      </symbol>
      <symbol id="sm-2c4">
         <name>__stack</name>
         <value>0x20207e00</value>
         <object_component_ref idref="oc-1a"/>
      </symbol>
      <symbol id="sm-2d0">
         <name>__TI_auto_init_nobinit_nopinit</name>
         <value>0x1f89</value>
         <object_component_ref idref="oc-bf"/>
      </symbol>
      <symbol id="sm-2d8">
         <name>_system_pre_init</name>
         <value>0x28cb</value>
         <object_component_ref idref="oc-77"/>
      </symbol>
      <symbol id="sm-2e3">
         <name>__TI_zero_init_nomemset</name>
         <value>0x26ef</value>
         <object_component_ref idref="oc-4c"/>
      </symbol>
      <symbol id="sm-2ec">
         <name>__TI_decompress_none</name>
         <value>0x283b</value>
         <object_component_ref idref="oc-20"/>
      </symbol>
      <symbol id="sm-2f7">
         <name>__TI_decompress_lzss</name>
         <value>0x1831</value>
         <object_component_ref idref="oc-1c"/>
      </symbol>
      <symbol id="sm-309">
         <name>abort</name>
         <value>0x28b9</value>
         <object_component_ref idref="oc-b8"/>
      </symbol>
      <symbol id="sm-319">
         <name>HOSTexit</name>
         <value>0x28c3</value>
         <object_component_ref idref="oc-11c"/>
      </symbol>
      <symbol id="sm-31a">
         <name>C$$EXIT</name>
         <value>0x28c2</value>
         <object_component_ref idref="oc-11c"/>
      </symbol>
      <symbol id="sm-32f">
         <name>__aeabi_fadd</name>
         <value>0x1193</value>
         <object_component_ref idref="oc-191"/>
      </symbol>
      <symbol id="sm-330">
         <name>__addsf3</name>
         <value>0x1193</value>
         <object_component_ref idref="oc-191"/>
      </symbol>
      <symbol id="sm-331">
         <name>__aeabi_fsub</name>
         <value>0x1189</value>
         <object_component_ref idref="oc-191"/>
      </symbol>
      <symbol id="sm-332">
         <name>__subsf3</name>
         <value>0x1189</value>
         <object_component_ref idref="oc-191"/>
      </symbol>
      <symbol id="sm-338">
         <name>__muldsi3</name>
         <value>0x2001</value>
         <object_component_ref idref="oc-1c2"/>
      </symbol>
      <symbol id="sm-33e">
         <name>__aeabi_fmul</name>
         <value>0x1615</value>
         <object_component_ref idref="oc-199"/>
      </symbol>
      <symbol id="sm-33f">
         <name>__mulsf3</name>
         <value>0x1615</value>
         <object_component_ref idref="oc-199"/>
      </symbol>
      <symbol id="sm-345">
         <name>__aeabi_f2iz</name>
         <value>0x203d</value>
         <object_component_ref idref="oc-115"/>
      </symbol>
      <symbol id="sm-346">
         <name>__fixsfsi</name>
         <value>0x203d</value>
         <object_component_ref idref="oc-115"/>
      </symbol>
      <symbol id="sm-34c">
         <name>__aeabi_ui2f</name>
         <value>0x22a1</value>
         <object_component_ref idref="oc-110"/>
      </symbol>
      <symbol id="sm-34d">
         <name>__floatunsisf</name>
         <value>0x22a1</value>
         <object_component_ref idref="oc-110"/>
      </symbol>
      <symbol id="sm-353">
         <name>__aeabi_fcmpeq</name>
         <value>0x1a49</value>
         <object_component_ref idref="oc-195"/>
      </symbol>
      <symbol id="sm-354">
         <name>__aeabi_fcmplt</name>
         <value>0x1a5d</value>
         <object_component_ref idref="oc-195"/>
      </symbol>
      <symbol id="sm-355">
         <name>__aeabi_fcmple</name>
         <value>0x1a71</value>
         <object_component_ref idref="oc-195"/>
      </symbol>
      <symbol id="sm-356">
         <name>__aeabi_fcmpge</name>
         <value>0x1a85</value>
         <object_component_ref idref="oc-195"/>
      </symbol>
      <symbol id="sm-357">
         <name>__aeabi_fcmpgt</name>
         <value>0x1a99</value>
         <object_component_ref idref="oc-195"/>
      </symbol>
      <symbol id="sm-35d">
         <name>__aeabi_memcpy</name>
         <value>0x28b1</value>
         <object_component_ref idref="oc-45"/>
      </symbol>
      <symbol id="sm-35e">
         <name>__aeabi_memcpy4</name>
         <value>0x28b1</value>
         <object_component_ref idref="oc-45"/>
      </symbol>
      <symbol id="sm-35f">
         <name>__aeabi_memcpy8</name>
         <value>0x28b1</value>
         <object_component_ref idref="oc-45"/>
      </symbol>
      <symbol id="sm-366">
         <name>__aeabi_memclr</name>
         <value>0x2899</value>
         <object_component_ref idref="oc-72"/>
      </symbol>
      <symbol id="sm-367">
         <name>__aeabi_memclr4</name>
         <value>0x2899</value>
         <object_component_ref idref="oc-72"/>
      </symbol>
      <symbol id="sm-368">
         <name>__aeabi_memclr8</name>
         <value>0x2899</value>
         <object_component_ref idref="oc-72"/>
      </symbol>
      <symbol id="sm-371">
         <name>__eqsf2</name>
         <value>0x1fc5</value>
         <object_component_ref idref="oc-1bb"/>
      </symbol>
      <symbol id="sm-372">
         <name>__lesf2</name>
         <value>0x1fc5</value>
         <object_component_ref idref="oc-1bb"/>
      </symbol>
      <symbol id="sm-373">
         <name>__ltsf2</name>
         <value>0x1fc5</value>
         <object_component_ref idref="oc-1bb"/>
      </symbol>
      <symbol id="sm-374">
         <name>__nesf2</name>
         <value>0x1fc5</value>
         <object_component_ref idref="oc-1bb"/>
      </symbol>
      <symbol id="sm-375">
         <name>__cmpsf2</name>
         <value>0x1fc5</value>
         <object_component_ref idref="oc-1bb"/>
      </symbol>
      <symbol id="sm-376">
         <name>__gtsf2</name>
         <value>0x1f4d</value>
         <object_component_ref idref="oc-1c0"/>
      </symbol>
      <symbol id="sm-377">
         <name>__gesf2</name>
         <value>0x1f4d</value>
         <object_component_ref idref="oc-1c0"/>
      </symbol>
      <symbol id="sm-383">
         <name>TI_memcpy_small</name>
         <value>0x2829</value>
         <object_component_ref idref="oc-8b"/>
      </symbol>
      <symbol id="sm-38c">
         <name>TI_memset_small</name>
         <value>0x287d</value>
         <object_component_ref idref="oc-d2"/>
      </symbol>
      <symbol id="sm-38d">
         <name>__TI_static_base__</name>
         <value>0x0</value>
      </symbol>
      <symbol id="sm-390">
         <name>__mpu_init</name>
         <value>0x0</value>
      </symbol>
      <symbol id="sm-391">
         <name>_system_post_cinit</name>
         <value>0x0</value>
      </symbol>
   </symbol_table>
   <title>Link successful</title>
</link_info>
