******************************************************************************
            TI ARM Clang Linker PC v4.0.3                      
******************************************************************************
>> Linked Thu Aug  7 11:24:56 2025

OUTPUT FILE NAME:   <lcd_m0.out>
ENTRY POINT SYMBOL: "_c_int00_noargs"  address: 000022c9


MEMORY CONFIGURATION

         name            origin    length      used     unused   attr    fill
----------------------  --------  ---------  --------  --------  ----  --------
  FLASH                 00000000   00020000  00002988  0001d678  R  X
  SRAM                  20200000   00008000  0000046a  00007b96  RW X
  BCR_CONFIG            41c00000   000000ff  00000000  000000ff  R   
  BSL_CONFIG            41c00100   00000080  00000000  00000080  R   


SEGMENT ALLOCATION MAP

run origin  load origin   length   init length attrs members
----------  ----------- ---------- ----------- ----- -------
00000000    00000000    00002988   00002988    r-x
  00000000    00000000    000000c0   000000c0    r-- .intvecs
  000000c0    000000c0    00002810   00002810    r-x .text
  000028d0    000028d0    00000088   00000088    r-- .rodata
  00002958    00002958    00000030   00000030    r-- .cinit
20200000    20200000    0000026d   00000000    rw-
  20200000    20200000    0000022d   00000000    rw- .bss
  20200230    20200230    0000003d   00000000    rw- .data
20207e00    20207e00    00000200   00000000    rw-
  20207e00    20207e00    00000200   00000000    rw- .stack


SECTION ALLOCATION MAP

 output                                  attributes/
section   page    origin      length       input sections
--------  ----  ----------  ----------   ----------------
.intvecs   0    00000000    000000c0     
                  00000000    000000c0     startup_mspm0g350x_ticlang.o (.intvecs)

.text      0    000000c0    00002810     
                  000000c0    000002c4     BJDJ.o (.text.Line_Proc_pid)
                  00000384    000002a0     pid.o (.text.UART1_IRQHandler)
                  00000624    000001d8     empty.o (.text.main)
                  000007fc    000001d0     hw_lcd.o (.text.lcd_init)
                  000009cc    000001a0     ti_msp_dl_config.o (.text.SYSCFG_DL_GPIO_init)
                  00000b6c    0000013c     key.o (.text.Key_Read)
                  00000ca8    00000130     BJDJ.o (.text.Line_Proc)
                  00000dd8    00000104     driverlib.a : dl_timer.o (.text.DL_Timer_initFourCCPWMMode)
                  00000edc    000000e8                 : dl_timer.o (.text.DL_Timer_initTimerMode)
                  00000fc4    000000e8     BJDJ.o (.text.PID_Compute1)
                  000010ac    000000dc     driverlib.a : dl_sysctl_mspm0g1x0x_g3x0x.o (.text.DL_SYSCTL_configSYSPLL)
                  00001188    000000d8     libclang_rt.builtins.a : addsf3.S.obj (.text)
                  00001260    000000cc     empty.o (.text.end_proc)
                  0000132c    000000b0     ti_msp_dl_config.o (.text.SYSCFG_DL_initPower)
                  000013dc    00000090     ti_msp_dl_config.o (.text.SYSCFG_DL_BJDJ_init)
                  0000146c    00000090     ti_msp_dl_config.o (.text.SYSCFG_DL_PWM_0_init)
                  000014fc    0000008c     Emm_V5.o (.text.Emm_V5_Pos_Control_1)
                  00001588    0000008c     Emm_V5.o (.text.Emm_V5_Pos_Control_2)
                  00001614    0000008c     libclang_rt.builtins.a : mulsf3.S.obj (.text.__mulsf3)
                  000016a0    00000088     key.o (.text.scanRow)
                  00001728    00000084     ti_msp_dl_config.o (.text.__NVIC_SetPriority)
                  000017ac    00000084     key.o (.text.readColumns)
                  00001830    0000007c     libc.a : copy_decompress_lzss.c.obj (.text:decompress:lzss)
                  000018ac    0000006c     ti_msp_dl_config.o (.text.SYSCFG_DL_PWM_1_init)
                  00001918    00000068     pid.o (.text.TIMA0_IRQHandler)
                  00001980    00000064     driverlib.a : dl_sysctl_mspm0g1x0x_g3x0x.o (.text.DL_SYSCTL_setHFCLKSourceHFXTParams)
                  000019e4    00000064     Emm_V5.o (.text.Emm_V5_Vel_Control)
                  00001a48    00000062     libclang_rt.builtins.a : aeabi_fcmp.S.obj (.text.__aeabi_fcmp)
                  00001aaa    0000005c     hw_lcd.o (.text.LCD_Fill)
                  00001b06    00000002     --HOLE-- [fill = 0]
                  00001b08    0000005c     BJDJ.o (.text.diansai_3)
                  00001b64    00000054     ti_msp_dl_config.o (.text.SYSCFG_DL_UART_1_init)
                  00001bb8    00000054     ti_msp_dl_config.o (.text.SYSCFG_DL_init)
                  00001c0c    00000054     board.o (.text.uart0_send_data)
                  00001c60    0000004c     ti_msp_dl_config.o (.text.DL_UART_setBaudRateDivisor)
                  00001cac    0000004c     BJDJ.o (.text.PID_Init1)
                  00001cf8    0000004c     ti_msp_dl_config.o (.text.SYSCFG_DL_SYSCTL_init)
                  00001d44    00000048     driverlib.a : dl_uart.o (.text.DL_UART_init)
                  00001d8c    00000044                 : dl_spi.o (.text.DL_SPI_init)
                  00001dd0    00000044                 : dl_sysctl_mspm0g1x0x_g3x0x.o (.text.DL_SYSCTL_switchMCLKfromSYSOSCtoHSCLK)
                  00001e14    00000040     ti_msp_dl_config.o (.text.SYSCFG_DL_SPI_LCD_init)
                  00001e54    00000040     ti_msp_dl_config.o (.text.SYSCFG_DL_UART_0_init)
                  00001e94    0000003e     hw_lcd.o (.text.LCD_Address_Set)
                  00001ed2    00000002     --HOLE-- [fill = 0]
                  00001ed4    0000003c     ti_msp_dl_config.o (.text.DL_Timer_setCounterControl)
                  00001f10    0000003c     ti_msp_dl_config.o (.text.SYSCFG_DL_TIMER_1_init)
                  00001f4c    0000003c     libclang_rt.builtins.a : comparesf2.S.obj (.text.__gtsf2)
                  00001f88    0000003c     libc.a : autoinit.c.obj (.text:__TI_auto_init_nobinit_nopinit)
                  00001fc4    0000003a     libclang_rt.builtins.a : comparesf2.S.obj (.text.__eqsf2)
                  00001ffe    00000002     --HOLE-- [fill = 0]
                  00002000    0000003a                            : muldsi3.S.obj (.text.__muldsi3)
                  0000203a    00000002     --HOLE-- [fill = 0]
                  0000203c    00000038                            : fixsfsi.S.obj (.text.__fixsfsi)
                  00002074    00000034     ti_msp_dl_config.o (.text.DL_GPIO_initDigitalInputFeatures)
                  000020a8    00000034     Emm_V5.o (.text.Emm_V5_Synchronous_motion)
                  000020dc    00000030     ti_msp_dl_config.o (.text.DL_GPIO_initDigitalOutputFeatures)
                  0000210c    00000030     ti_msp_dl_config.o (.text.DL_SPI_setFIFOThreshold)
                  0000213c    00000030     hw_lcd.o (.text.LCD_WR_REG)
                  0000216c    00000030     hw_lcd.o (.text.LCD_Writ_Bus)
                  0000219c    00000030     hw_spi.o (.text.spi_write_bus)
                  000021cc    0000002c     empty.o (.text.__NVIC_ClearPendingIRQ)
                  000021f8    0000002c     pid.o (.text.__NVIC_ClearPendingIRQ)
                  00002224    0000002c     empty.o (.text.__NVIC_EnableIRQ)
                  00002250    00000028     ti_msp_dl_config.o (.text.DL_Common_updateReg)
                  00002278    00000028     ti_msp_dl_config.o (.text.DL_SYSTICK_init)
                  000022a0    00000028     libclang_rt.builtins.a : floatunsisf.S.obj (.text.__floatunsisf)
                  000022c8    00000028     libc.a : boot_cortex_m.c.obj (.text:_c_int00_noargs)
                  000022f0    00000024     ti_msp_dl_config.o (.text.DL_SPI_setBitRateSerialClockDivider)
                  00002314    00000020     ti_msp_dl_config.o (.text.DL_GPIO_initPeripheralInputFunction)
                  00002334    00000020     ti_msp_dl_config.o (.text.DL_SYSCTL_setFlashWaitState)
                  00002354    0000001e     ti_msp_dl_config.o (.text.DL_UART_setOversampling)
                  00002372    00000002     --HOLE-- [fill = 0]
                  00002374    0000001c     ti_msp_dl_config.o (.text.DL_GPIO_initPeripheralOutputFunction)
                  00002390    0000001c     ti_msp_dl_config.o (.text.DL_SYSCTL_setSYSOSCFreq)
                  000023ac    0000001c     ti_msp_dl_config.o (.text.DL_SYSCTL_setULPCLKDivider)
                  000023c8    0000001c     ti_msp_dl_config.o (.text.DL_Timer_enableInterrupt)
                  000023e4    0000001c     driverlib.a : dl_timer.o (.text.DL_Timer_setCaptCompUpdateMethod)
                  00002400    0000001c                 : dl_timer.o (.text.DL_Timer_setClockConfig)
                  0000241c    0000001c     ti_msp_dl_config.o (.text.DL_UART_enableInterrupt)
                  00002438    0000001c     hw_lcd.o (.text.LCD_WR_DATA)
                  00002454    0000001c     ti_msp_dl_config.o (.text.SYSCFG_DL_SYSCTL_CLK_init)
                  00002470    00000018     ti_msp_dl_config.o (.text.DL_GPIO_enableOutput)
                  00002488    00000018     ti_msp_dl_config.o (.text.DL_GPIO_enablePower)
                  000024a0    00000018     ti_msp_dl_config.o (.text.DL_GPIO_initDigitalOutput)
                  000024b8    00000018     ti_msp_dl_config.o (.text.DL_GPIO_initPeripheralAnalogFunction)
                  000024d0    00000018     ti_msp_dl_config.o (.text.DL_GPIO_reset)
                  000024e8    00000018     BJDJ.o (.text.DL_GPIO_setPins)
                  00002500    00000018     empty.o (.text.DL_GPIO_setPins)
                  00002518    00000018     hw_lcd.o (.text.DL_GPIO_setPins)
                  00002530    00000018     key.o (.text.DL_GPIO_setPins)
                  00002548    00000018     ti_msp_dl_config.o (.text.DL_GPIO_setPins)
                  00002560    00000018     ti_msp_dl_config.o (.text.DL_SPI_enable)
                  00002578    00000018     ti_msp_dl_config.o (.text.DL_SPI_enablePower)
                  00002590    00000018     hw_spi.o (.text.DL_SPI_isBusy)
                  000025a8    00000018     ti_msp_dl_config.o (.text.DL_SPI_reset)
                  000025c0    00000018     ti_msp_dl_config.o (.text.DL_SYSCTL_setBORThreshold)
                  000025d8    00000018     ti_msp_dl_config.o (.text.DL_Timer_enablePower)
                  000025f0    00000018     ti_msp_dl_config.o (.text.DL_Timer_reset)
                  00002608    00000018     driverlib.a : dl_timer.o (.text.DL_Timer_setCaptureCompareOutCtl)
                  00002620    00000018     ti_msp_dl_config.o (.text.DL_UART_enablePower)
                  00002638    00000018     board.o (.text.DL_UART_isBusy)
                  00002650    00000018     ti_msp_dl_config.o (.text.DL_UART_reset)
                  00002668    00000018     board.o (.text.delay_ms)
                  00002680    00000016     empty.o (.text.DL_GPIO_readPins)
                  00002696    00000016     key.o (.text.DL_GPIO_readPins)
                  000026ac    00000016     hw_spi.o (.text.DL_SPI_transmitData8)
                  000026c2    00000016     ti_msp_dl_config.o (.text.DL_UART_enable)
                  000026d8    00000016     board.o (.text.DL_UART_transmitData)
                  000026ee    00000016     libc.a : copy_zero_init.c.obj (.text:decompress:ZI:__TI_zero_init_nomemset)
                  00002704    00000014     BJDJ.o (.text.DL_GPIO_clearPins)
                  00002718    00000014     empty.o (.text.DL_GPIO_clearPins)
                  0000272c    00000014     hw_lcd.o (.text.DL_GPIO_clearPins)
                  00002740    00000014     key.o (.text.DL_GPIO_clearPins)
                  00002754    00000014     ti_msp_dl_config.o (.text.DL_GPIO_clearPins)
                  00002768    00000014     ti_msp_dl_config.o (.text.DL_SYSCTL_disableSYSPLL)
                  0000277c    00000014     ti_msp_dl_config.o (.text.DL_Timer_enableClock)
                  00002790    00000014     ti_msp_dl_config.o (.text.DL_Timer_setCCPDirection)
                  000027a4    00000014     pid.o (.text.DL_UART_receiveData)
                  000027b8    00000014     hw_lcd.o (.text.LCD_WR_DATA8)
                  000027cc    00000014     ti_msp_dl_config.o (.text.SYSCFG_DL_SYSTICK_init)
                  000027e0    00000012     driverlib.a : dl_spi.o (.text.DL_SPI_setClockConfig)
                  000027f2    00000012     pid.o (.text.DL_Timer_getPendingInterrupt)
                  00002804    00000012     pid.o (.text.DL_UART_getPendingInterrupt)
                  00002816    00000012     driverlib.a : dl_uart.o (.text.DL_UART_setClockConfig)
                  00002828    00000012     libc.a : memcpy16.S.obj (.text:TI_memcpy_small)
                  0000283a    00000012            : copy_decompress_none.c.obj (.text:decompress:none)
                  0000284c    00000010     ti_msp_dl_config.o (.text.DL_SYSCTL_disableHFXT)
                  0000285c    00000010     ti_msp_dl_config.o (.text.DL_SYSTICK_enable)
                  0000286c    00000010     driverlib.a : dl_timer.o (.text.DL_Timer_setCaptureCompareValue)
                  0000287c    0000000e     libc.a : memset16.S.obj (.text:TI_memset_small)
                  0000288a    00000002     --HOLE-- [fill = 0]
                  0000288c    0000000c     ti_msp_dl_config.o (.text.DL_SYSCTL_getClockStatus)
                  00002898    0000000c     libclang_rt.builtins.a : aeabi_memset.S.obj (.text.__aeabi_memclr)
                  000028a4    0000000a     driverlib.a : dl_common.o (.text.DL_Common_delayCycles)
                  000028ae    00000002     --HOLE-- [fill = 0]
                  000028b0    00000008     libclang_rt.builtins.a : aeabi_memcpy.S.obj (.text.__aeabi_memcpy)
                  000028b8    00000006     libc.a : exit.c.obj (.text:abort)
                  000028be    00000004     startup_mspm0g350x_ticlang.o (.text.Default_Handler)
                  000028c2    00000004     libsysbm.a : hostexit.c.obj (.text.HOSTexit)
                  000028c6    00000004     startup_mspm0g350x_ticlang.o (.text.Reset_Handler)
                  000028ca    00000004     libc.a : pre_init.c.obj (.text._system_pre_init)
                  000028ce    00000002     --HOLE-- [fill = 0]

.cinit     0    00002958    00000030     
                  00002958    0000000c     (__TI_handler_table)
                  00002964    00000008     (.cinit..bss.load) [load image, compression = zero_init]
                  0000296c    00000008     (.cinit..data.load) [load image, compression = lzss]
                  00002974    00000010     (__TI_cinit_table)
                  00002984    00000004     --HOLE-- [fill = 0]

.rodata    0    000028d0    00000088     
                  000028d0    00000028     ti_msp_dl_config.o (.rodata.gSYSPLLConfig)
                  000028f8    00000014     ti_msp_dl_config.o (.rodata.gTIMER_1TimerConfig)
                  0000290c    0000000a     ti_msp_dl_config.o (.rodata.gSPI_LCD_config)
                  00002916    0000000a     ti_msp_dl_config.o (.rodata.gUART_0Config)
                  00002920    0000000a     ti_msp_dl_config.o (.rodata.gUART_1Config)
                  0000292a    00000002     ti_msp_dl_config.o (.rodata.gSPI_LCD_clockConfig)
                  0000292c    00000008     ti_msp_dl_config.o (.rodata.gBJDJConfig)
                  00002934    00000008     ti_msp_dl_config.o (.rodata.gPWM_0Config)
                  0000293c    00000008     ti_msp_dl_config.o (.rodata.gPWM_1Config)
                  00002944    00000003     ti_msp_dl_config.o (.rodata.gBJDJClockConfig)
                  00002947    00000003     ti_msp_dl_config.o (.rodata.gPWM_0ClockConfig)
                  0000294a    00000003     ti_msp_dl_config.o (.rodata.gPWM_1ClockConfig)
                  0000294d    00000003     ti_msp_dl_config.o (.rodata.gTIMER_1ClockConfig)
                  00002950    00000002     ti_msp_dl_config.o (.rodata.gUART_0ClockConfig)
                  00002952    00000002     ti_msp_dl_config.o (.rodata.gUART_1ClockConfig)
                  00002954    00000004     --HOLE-- [fill = 0]

.init_array 
*          0    00000000    00000000     UNINITIALIZED

.binit     0    00000000    00000000     

.bss       0    20200000    0000022d     UNINITIALIZED
                  20200000    000000bc     (.common:gPWM_0Backup)
                  202000bc    000000bc     (.common:gTIMER_1Backup)
                  20200178    0000002c     (.common:m1_pid)
                  202001a4    0000002c     (.common:m2_pid)
                  202001d0    00000028     (.common:gSPI_LCDBackup)
                  202001f8    00000014     pid.o (.bss.UART1_IRQHandler.nums)
                  2020020c    00000004     (.common:current_x)
                  20200210    00000004     (.common:target_x)
                  20200214    00000004     (.common:us3s)
                  20200218    00000004     (.common:x_e1)
                  2020021c    00000004     (.common:y_e1)
                  20200220    00000002     (.common:output2)
                  20200222    00000001     (.common:fx_flag)
                  20200223    00000001     (.common:key_down)
                  20200224    00000001     (.common:key_mode)
                  20200225    00000001     (.common:key_old)
                  20200226    00000001     (.common:key_up)
                  20200227    00000001     (.common:key_val)
                  20200228    00000001     (.common:led_flag)
                  20200229    00000001     (.common:num1)
                  2020022a    00000001     (.common:start_flag)
                  2020022b    00000001     (.common:zhuang_flag)
                  2020022c    00000001     (.common:zhuang_num)

.data      0    20200230    0000003d     UNINITIALIZED
                  20200230    00000020     Emm_V5.o (.data.cmd)
                  20200250    00000014     empty.o (.data.uart_parsed_nums)
                  20200264    00000004     pid.o (.data.UART1_IRQHandler.current_num)
                  20200268    00000001     pid.o (.data.UART1_IRQHandler.Rx_mode)
                  20200269    00000001     pid.o (.data.UART1_IRQHandler.digit_count)
                  2020026a    00000001     pid.o (.data.UART1_IRQHandler.num_index)
                  2020026b    00000001     empty.o (.data.uart_data_ready)
                  2020026c    00000001     empty.o (.data.uart_num_count)

.stack     0    20207e00    00000200     UNINITIALIZED
                  20207e00    00000004     libc.a : boot_cortex_m.c.obj (.stack)
                  20207e04    000001fc     --HOLE--

__llvm_prf_cnts 
*          0    20200000    00000000     UNINITIALIZED

__llvm_prf_bits 
*          0    20200000    00000000     UNINITIALIZED

MODULE SUMMARY

       Module                         code    ro data   rw data
       ------                         ----    -------   -------
    .\
       ti_msp_dl_config.o             2716    132       416    
       empty.o                        830     0         143    
       startup_mspm0g350x_ticlang.o   8       192       0      
    +--+------------------------------+-------+---------+---------+
       Total:                         3554    324       559    
                                                               
    .\BSP\src\
       BJDJ.o                         1456    0         0      
       pid.o                          876     0         27     
       hw_lcd.o                       806     0         0      
       key.o                          650     0         0      
       Emm_V5.o                       432     0         32     
       hw_spi.o                       94      0         0      
    +--+------------------------------+-------+---------+---------+
       Total:                         4314    0         59     
                                                               
    .\Board\
       board.o                        154     0         0      
    +--+------------------------------+-------+---------+---------+
       Total:                         154     0         0      
                                                               
    C:/TI/mspm0_sdk_2_05_00_05/source/ti/driverlib/lib/ticlang/m0p/mspm0g1x0x_g3x0x/driverlib.a
       dl_timer.o                     588     0         0      
       dl_sysctl_mspm0g1x0x_g3x0x.o   388     0         0      
       dl_uart.o                      90      0         0      
       dl_spi.o                       86      0         0      
       dl_common.o                    10      0         0      
    +--+------------------------------+-------+---------+---------+
       Total:                         1162    0         0      
                                                               
    D:\27ti\ccs2011\ccs\tools\compiler\ti-cgt-armllvm_4.0.3.LTS\lib\armv6m-ti-none-eabi/c/libc.a
       copy_decompress_lzss.c.obj     124     0         0      
       autoinit.c.obj                 60      0         0      
       boot_cortex_m.c.obj            40      0         0      
       copy_zero_init.c.obj           22      0         0      
       copy_decompress_none.c.obj     18      0         0      
       memcpy16.S.obj                 18      0         0      
       memset16.S.obj                 14      0         0      
       exit.c.obj                     6       0         0      
       pre_init.c.obj                 4       0         0      
    +--+------------------------------+-------+---------+---------+
       Total:                         306     0         0      
                                                               
    D:\27ti\ccs2011\ccs\tools\compiler\ti-cgt-armllvm_4.0.3.LTS\lib\armv6m-ti-none-eabi/c/libsysbm.a
       hostexit.c.obj                 4       0         0      
    +--+------------------------------+-------+---------+---------+
       Total:                         4       0         0      
                                                               
    D:\27ti\ccs2011\ccs\tools\compiler\ti-cgt-armllvm_4.0.3.LTS\lib\armv6m-ti-none-eabi/libclang_rt.builtins.a
       addsf3.S.obj                   216     0         0      
       mulsf3.S.obj                   140     0         0      
       comparesf2.S.obj               118     0         0      
       aeabi_fcmp.S.obj               98      0         0      
       muldsi3.S.obj                  58      0         0      
       fixsfsi.S.obj                  56      0         0      
       floatunsisf.S.obj              40      0         0      
       aeabi_memset.S.obj             12      0         0      
       aeabi_memcpy.S.obj             8       0         0      
    +--+------------------------------+-------+---------+---------+
       Total:                         746     0         0      
                                                               
       Stack:                         0       0         512    
       Linker Generated:              0       44        0      
    +--+------------------------------+-------+---------+---------+
       Grand Total:                   10240   368       1130   


LINKER GENERATED COPY TABLES

__TI_cinit_table @ 00002974 records: 2, size/record: 8, table size: 16
	.bss: load addr=00002964, load size=00000008 bytes, run addr=20200000, run size=0000022d bytes, compression=zero_init
	.data: load addr=0000296c, load size=00000008 bytes, run addr=20200230, run size=0000003d bytes, compression=lzss


LINKER GENERATED HANDLER TABLE

__TI_handler_table @ 00002958 records: 3, size/record: 4, table size: 12
	index: 0, handler: __TI_decompress_lzss
	index: 1, handler: __TI_decompress_none
	index: 2, handler: __TI_zero_init


GLOBAL SYMBOLS: SORTED ALPHABETICALLY BY Name 

address   name                                 
-------   ----                                 
000028bf  ADC0_IRQHandler                      
000028bf  ADC1_IRQHandler                      
000028bf  AES_IRQHandler                       
000028c2  C$$EXIT                              
000028bf  CANFD0_IRQHandler                    
000028bf  DAC0_IRQHandler                      
000028a5  DL_Common_delayCycles                
00001d8d  DL_SPI_init                          
000027e1  DL_SPI_setClockConfig                
000010ad  DL_SYSCTL_configSYSPLL               
00001981  DL_SYSCTL_setHFCLKSourceHFXTParams   
00001dd1  DL_SYSCTL_switchMCLKfromSYSOSCtoHSCLK
00000dd9  DL_Timer_initFourCCPWMMode           
00000edd  DL_Timer_initTimerMode               
000023e5  DL_Timer_setCaptCompUpdateMethod     
00002609  DL_Timer_setCaptureCompareOutCtl     
0000286d  DL_Timer_setCaptureCompareValue      
00002401  DL_Timer_setClockConfig              
00001d45  DL_UART_init                         
00002817  DL_UART_setClockConfig               
000028bf  DMA_IRQHandler                       
000028bf  Default_Handler                      
000014fd  Emm_V5_Pos_Control_1                 
00001589  Emm_V5_Pos_Control_2                 
000020a9  Emm_V5_Synchronous_motion            
000019e5  Emm_V5_Vel_Control                   
000028bf  GROUP0_IRQHandler                    
000028bf  GROUP1_IRQHandler                    
000028c3  HOSTexit                             
000028bf  HardFault_Handler                    
000028bf  I2C0_IRQHandler                      
000028bf  I2C1_IRQHandler                      
00000b6d  Key_Read                             
00001e95  LCD_Address_Set                      
00001aab  LCD_Fill                             
00002439  LCD_WR_DATA                          
000027b9  LCD_WR_DATA8                         
0000213d  LCD_WR_REG                           
0000216d  LCD_Writ_Bus                         
00000ca9  Line_Proc                            
000000c1  Line_Proc_pid                        
000028bf  NMI_Handler                          
00000fc5  PID_Compute1                         
00001cad  PID_Init1                            
000028bf  PendSV_Handler                       
000028bf  RTC_IRQHandler                       
000028c7  Reset_Handler                        
000028bf  SPI0_IRQHandler                      
000028bf  SPI1_IRQHandler                      
000028bf  SVC_Handler                          
000013dd  SYSCFG_DL_BJDJ_init                  
000009cd  SYSCFG_DL_GPIO_init                  
0000146d  SYSCFG_DL_PWM_0_init                 
000018ad  SYSCFG_DL_PWM_1_init                 
00001e15  SYSCFG_DL_SPI_LCD_init               
00002455  SYSCFG_DL_SYSCTL_CLK_init            
00001cf9  SYSCFG_DL_SYSCTL_init                
000027cd  SYSCFG_DL_SYSTICK_init               
00001f11  SYSCFG_DL_TIMER_1_init               
00001e55  SYSCFG_DL_UART_0_init                
00001b65  SYSCFG_DL_UART_1_init                
00001bb9  SYSCFG_DL_init                       
0000132d  SYSCFG_DL_initPower                  
000028bf  SysTick_Handler                      
00001919  TIMA0_IRQHandler                     
000028bf  TIMA1_IRQHandler                     
000028bf  TIMG0_IRQHandler                     
000028bf  TIMG12_IRQHandler                    
000028bf  TIMG6_IRQHandler                     
000028bf  TIMG7_IRQHandler                     
000028bf  TIMG8_IRQHandler                     
00002829  TI_memcpy_small                      
0000287d  TI_memset_small                      
000028bf  UART0_IRQHandler                     
00000385  UART1_IRQHandler                     
000028bf  UART2_IRQHandler                     
000028bf  UART3_IRQHandler                     
20208000  __STACK_END                          
00000200  __STACK_SIZE                         
00000000  __TI_ATRegion0_region_sz             
00000000  __TI_ATRegion0_src_addr              
00000000  __TI_ATRegion0_trg_addr              
00000000  __TI_ATRegion1_region_sz             
00000000  __TI_ATRegion1_src_addr              
00000000  __TI_ATRegion1_trg_addr              
00000000  __TI_ATRegion2_region_sz             
00000000  __TI_ATRegion2_src_addr              
00000000  __TI_ATRegion2_trg_addr              
00002974  __TI_CINIT_Base                      
00002984  __TI_CINIT_Limit                     
00002984  __TI_CINIT_Warm                      
00002958  __TI_Handler_Table_Base              
00002964  __TI_Handler_Table_Limit             
00001f89  __TI_auto_init_nobinit_nopinit       
00001831  __TI_decompress_lzss                 
0000283b  __TI_decompress_none                 
ffffffff  __TI_pprof_out_hndl                  
ffffffff  __TI_prof_data_size                  
ffffffff  __TI_prof_data_start                 
00000000  __TI_static_base__                   
000026ef  __TI_zero_init_nomemset              
00001193  __addsf3                             
0000203d  __aeabi_f2iz                         
00001193  __aeabi_fadd                         
00001a49  __aeabi_fcmpeq                       
00001a85  __aeabi_fcmpge                       
00001a99  __aeabi_fcmpgt                       
00001a71  __aeabi_fcmple                       
00001a5d  __aeabi_fcmplt                       
00001615  __aeabi_fmul                         
00001189  __aeabi_fsub                         
00002899  __aeabi_memclr                       
00002899  __aeabi_memclr4                      
00002899  __aeabi_memclr8                      
000028b1  __aeabi_memcpy                       
000028b1  __aeabi_memcpy4                      
000028b1  __aeabi_memcpy8                      
000022a1  __aeabi_ui2f                         
ffffffff  __binit__                            
00001fc5  __cmpsf2                             
00001fc5  __eqsf2                              
0000203d  __fixsfsi                            
000022a1  __floatunsisf                        
00001f4d  __gesf2                              
00001f4d  __gtsf2                              
00001fc5  __lesf2                              
00001fc5  __ltsf2                              
UNDEFED   __mpu_init                           
00002001  __muldsi3                            
00001615  __mulsf3                             
00001fc5  __nesf2                              
20207e00  __stack                              
20200000  __start___llvm_prf_bits              
20200000  __start___llvm_prf_cnts              
20200000  __stop___llvm_prf_bits               
20200000  __stop___llvm_prf_cnts               
00001189  __subsf3                             
000022c9  _c_int00_noargs                      
UNDEFED   _system_post_cinit                   
000028cb  _system_pre_init                     
000028b9  abort                                
ffffffff  binit                                
20200230  cmd                                  
2020020c  current_x                            
00002669  delay_ms                             
00001b09  diansai_3                            
00001261  end_proc                             
20200222  fx_flag                              
20200000  gPWM_0Backup                         
202001d0  gSPI_LCDBackup                       
202000bc  gTIMER_1Backup                       
00000000  interruptVectors                     
20200223  key_down                             
20200224  key_mode                             
20200225  key_old                              
20200226  key_up                               
20200227  key_val                              
000007fd  lcd_init                             
20200228  led_flag                             
20200178  m1_pid                               
202001a4  m2_pid                               
00000625  main                                 
20200229  num1                                 
20200220  output2                              
0000219d  spi_write_bus                        
2020022a  start_flag                           
20200210  target_x                             
00001c0d  uart0_send_data                      
2020026b  uart_data_ready                      
2020026c  uart_num_count                       
20200250  uart_parsed_nums                     
20200214  us3s                                 
20200218  x_e1                                 
2020021c  y_e1                                 
2020022b  zhuang_flag                          
2020022c  zhuang_num                           


GLOBAL SYMBOLS: SORTED BY Symbol Address 

address   name                                 
-------   ----                                 
00000000  __TI_ATRegion0_region_sz             
00000000  __TI_ATRegion0_src_addr              
00000000  __TI_ATRegion0_trg_addr              
00000000  __TI_ATRegion1_region_sz             
00000000  __TI_ATRegion1_src_addr              
00000000  __TI_ATRegion1_trg_addr              
00000000  __TI_ATRegion2_region_sz             
00000000  __TI_ATRegion2_src_addr              
00000000  __TI_ATRegion2_trg_addr              
00000000  __TI_static_base__                   
00000000  interruptVectors                     
000000c1  Line_Proc_pid                        
00000200  __STACK_SIZE                         
00000385  UART1_IRQHandler                     
00000625  main                                 
000007fd  lcd_init                             
000009cd  SYSCFG_DL_GPIO_init                  
00000b6d  Key_Read                             
00000ca9  Line_Proc                            
00000dd9  DL_Timer_initFourCCPWMMode           
00000edd  DL_Timer_initTimerMode               
00000fc5  PID_Compute1                         
000010ad  DL_SYSCTL_configSYSPLL               
00001189  __aeabi_fsub                         
00001189  __subsf3                             
00001193  __addsf3                             
00001193  __aeabi_fadd                         
00001261  end_proc                             
0000132d  SYSCFG_DL_initPower                  
000013dd  SYSCFG_DL_BJDJ_init                  
0000146d  SYSCFG_DL_PWM_0_init                 
000014fd  Emm_V5_Pos_Control_1                 
00001589  Emm_V5_Pos_Control_2                 
00001615  __aeabi_fmul                         
00001615  __mulsf3                             
00001831  __TI_decompress_lzss                 
000018ad  SYSCFG_DL_PWM_1_init                 
00001919  TIMA0_IRQHandler                     
00001981  DL_SYSCTL_setHFCLKSourceHFXTParams   
000019e5  Emm_V5_Vel_Control                   
00001a49  __aeabi_fcmpeq                       
00001a5d  __aeabi_fcmplt                       
00001a71  __aeabi_fcmple                       
00001a85  __aeabi_fcmpge                       
00001a99  __aeabi_fcmpgt                       
00001aab  LCD_Fill                             
00001b09  diansai_3                            
00001b65  SYSCFG_DL_UART_1_init                
00001bb9  SYSCFG_DL_init                       
00001c0d  uart0_send_data                      
00001cad  PID_Init1                            
00001cf9  SYSCFG_DL_SYSCTL_init                
00001d45  DL_UART_init                         
00001d8d  DL_SPI_init                          
00001dd1  DL_SYSCTL_switchMCLKfromSYSOSCtoHSCLK
00001e15  SYSCFG_DL_SPI_LCD_init               
00001e55  SYSCFG_DL_UART_0_init                
00001e95  LCD_Address_Set                      
00001f11  SYSCFG_DL_TIMER_1_init               
00001f4d  __gesf2                              
00001f4d  __gtsf2                              
00001f89  __TI_auto_init_nobinit_nopinit       
00001fc5  __cmpsf2                             
00001fc5  __eqsf2                              
00001fc5  __lesf2                              
00001fc5  __ltsf2                              
00001fc5  __nesf2                              
00002001  __muldsi3                            
0000203d  __aeabi_f2iz                         
0000203d  __fixsfsi                            
000020a9  Emm_V5_Synchronous_motion            
0000213d  LCD_WR_REG                           
0000216d  LCD_Writ_Bus                         
0000219d  spi_write_bus                        
000022a1  __aeabi_ui2f                         
000022a1  __floatunsisf                        
000022c9  _c_int00_noargs                      
000023e5  DL_Timer_setCaptCompUpdateMethod     
00002401  DL_Timer_setClockConfig              
00002439  LCD_WR_DATA                          
00002455  SYSCFG_DL_SYSCTL_CLK_init            
00002609  DL_Timer_setCaptureCompareOutCtl     
00002669  delay_ms                             
000026ef  __TI_zero_init_nomemset              
000027b9  LCD_WR_DATA8                         
000027cd  SYSCFG_DL_SYSTICK_init               
000027e1  DL_SPI_setClockConfig                
00002817  DL_UART_setClockConfig               
00002829  TI_memcpy_small                      
0000283b  __TI_decompress_none                 
0000286d  DL_Timer_setCaptureCompareValue      
0000287d  TI_memset_small                      
00002899  __aeabi_memclr                       
00002899  __aeabi_memclr4                      
00002899  __aeabi_memclr8                      
000028a5  DL_Common_delayCycles                
000028b1  __aeabi_memcpy                       
000028b1  __aeabi_memcpy4                      
000028b1  __aeabi_memcpy8                      
000028b9  abort                                
000028bf  ADC0_IRQHandler                      
000028bf  ADC1_IRQHandler                      
000028bf  AES_IRQHandler                       
000028bf  CANFD0_IRQHandler                    
000028bf  DAC0_IRQHandler                      
000028bf  DMA_IRQHandler                       
000028bf  Default_Handler                      
000028bf  GROUP0_IRQHandler                    
000028bf  GROUP1_IRQHandler                    
000028bf  HardFault_Handler                    
000028bf  I2C0_IRQHandler                      
000028bf  I2C1_IRQHandler                      
000028bf  NMI_Handler                          
000028bf  PendSV_Handler                       
000028bf  RTC_IRQHandler                       
000028bf  SPI0_IRQHandler                      
000028bf  SPI1_IRQHandler                      
000028bf  SVC_Handler                          
000028bf  SysTick_Handler                      
000028bf  TIMA1_IRQHandler                     
000028bf  TIMG0_IRQHandler                     
000028bf  TIMG12_IRQHandler                    
000028bf  TIMG6_IRQHandler                     
000028bf  TIMG7_IRQHandler                     
000028bf  TIMG8_IRQHandler                     
000028bf  UART0_IRQHandler                     
000028bf  UART2_IRQHandler                     
000028bf  UART3_IRQHandler                     
000028c2  C$$EXIT                              
000028c3  HOSTexit                             
000028c7  Reset_Handler                        
000028cb  _system_pre_init                     
00002958  __TI_Handler_Table_Base              
00002964  __TI_Handler_Table_Limit             
00002974  __TI_CINIT_Base                      
00002984  __TI_CINIT_Limit                     
00002984  __TI_CINIT_Warm                      
20200000  __start___llvm_prf_bits              
20200000  __start___llvm_prf_cnts              
20200000  __stop___llvm_prf_bits               
20200000  __stop___llvm_prf_cnts               
20200000  gPWM_0Backup                         
202000bc  gTIMER_1Backup                       
20200178  m1_pid                               
202001a4  m2_pid                               
202001d0  gSPI_LCDBackup                       
2020020c  current_x                            
20200210  target_x                             
20200214  us3s                                 
20200218  x_e1                                 
2020021c  y_e1                                 
20200220  output2                              
20200222  fx_flag                              
20200223  key_down                             
20200224  key_mode                             
20200225  key_old                              
20200226  key_up                               
20200227  key_val                              
20200228  led_flag                             
20200229  num1                                 
2020022a  start_flag                           
2020022b  zhuang_flag                          
2020022c  zhuang_num                           
20200230  cmd                                  
20200250  uart_parsed_nums                     
2020026b  uart_data_ready                      
2020026c  uart_num_count                       
20207e00  __stack                              
20208000  __STACK_END                          
ffffffff  __TI_pprof_out_hndl                  
ffffffff  __TI_prof_data_size                  
ffffffff  __TI_prof_data_start                 
ffffffff  __binit__                            
ffffffff  binit                                
UNDEFED   __mpu_init                           
UNDEFED   _system_post_cinit                   

[176 symbols]
